C:/WorkSpace/Documentation/SC1/NXP/IMXRT595-EVK-VGLite/ThirdParty/MCUXpressoSDK/middleware/vglite/VGLiteKernel/rtos/vg_lite_hal.c:82:6:vg_lite_init_mem	24	static
C:/WorkSpace/Documentation/SC1/NXP/IMXRT595-EVK-VGLite/ThirdParty/MCUXpressoSDK/middleware/vglite/VGLiteKernel/rtos/vg_lite_hal.c:104:20:add_list	16	static
C:/WorkSpace/Documentation/SC1/NXP/IMXRT595-EVK-VGLite/ThirdParty/MCUXpressoSDK/middleware/vglite/VGLiteKernel/rtos/vg_lite_hal.c:118:20:delete_list	16	static
C:/WorkSpace/Documentation/SC1/NXP/IMXRT595-EVK-VGLite/ThirdParty/MCUXpressoSDK/middleware/vglite/VGLiteKernel/rtos/vg_lite_hal.c:129:20:_memset	32	static
C:/WorkSpace/Documentation/SC1/NXP/IMXRT595-EVK-VGLite/ThirdParty/MCUXpressoSDK/middleware/vglite/VGLiteKernel/rtos/vg_lite_hal.c:216:6:vg_lite_hal_delay	16	static
C:/WorkSpace/Documentation/SC1/NXP/IMXRT595-EVK-VGLite/ThirdParty/MCUXpressoSDK/middleware/vglite/VGLiteKernel/rtos/vg_lite_hal.c:225:6:vg_lite_hal_barrier	4	static
C:/WorkSpace/Documentation/SC1/NXP/IMXRT595-EVK-VGLite/ThirdParty/MCUXpressoSDK/middleware/vglite/VGLiteKernel/rtos/vg_lite_hal.c:244:17:vg_lite_hal_initialize	16	static
C:/WorkSpace/Documentation/SC1/NXP/IMXRT595-EVK-VGLite/ThirdParty/MCUXpressoSDK/middleware/vglite/VGLiteKernel/rtos/vg_lite_hal.c:256:6:vg_lite_hal_deinitialize	8	static
C:/WorkSpace/Documentation/SC1/NXP/IMXRT595-EVK-VGLite/ThirdParty/MCUXpressoSDK/middleware/vglite/VGLiteKernel/rtos/vg_lite_hal.c:267:12:split_node	24	static
C:/WorkSpace/Documentation/SC1/NXP/IMXRT595-EVK-VGLite/ThirdParty/MCUXpressoSDK/middleware/vglite/VGLiteKernel/rtos/vg_lite_hal.c:303:17:vg_lite_hal_allocate_contiguous	32	static
C:/WorkSpace/Documentation/SC1/NXP/IMXRT595-EVK-VGLite/ThirdParty/MCUXpressoSDK/middleware/vglite/VGLiteKernel/rtos/vg_lite_hal.c:345:6:vg_lite_hal_free_contiguous	24	static
C:/WorkSpace/Documentation/SC1/NXP/IMXRT595-EVK-VGLite/ThirdParty/MCUXpressoSDK/middleware/vglite/VGLiteKernel/rtos/vg_lite_hal.c:415:6:vg_lite_hal_free_os_heap	16	static
C:/WorkSpace/Documentation/SC1/NXP/IMXRT595-EVK-VGLite/ThirdParty/MCUXpressoSDK/middleware/vglite/VGLiteKernel/rtos/vg_lite_hal.c:439:10:vg_lite_hal_peek	16	static
C:/WorkSpace/Documentation/SC1/NXP/IMXRT595-EVK-VGLite/ThirdParty/MCUXpressoSDK/middleware/vglite/VGLiteKernel/rtos/vg_lite_hal.c:446:6:vg_lite_hal_poke	24	static
C:/WorkSpace/Documentation/SC1/NXP/IMXRT595-EVK-VGLite/ThirdParty/MCUXpressoSDK/middleware/vglite/VGLiteKernel/rtos/vg_lite_hal.c:453:17:vg_lite_hal_query_mem	16	static
C:/WorkSpace/Documentation/SC1/NXP/IMXRT595-EVK-VGLite/ThirdParty/MCUXpressoSDK/middleware/vglite/VGLiteKernel/rtos/vg_lite_hal.c:475:6:vg_lite_IRQHandler	8	static
C:/WorkSpace/Documentation/SC1/NXP/IMXRT595-EVK-VGLite/ThirdParty/MCUXpressoSDK/middleware/vglite/VGLiteKernel/rtos/vg_lite_hal.c:500:9:vg_lite_hal_wait_interrupt	24	static
C:/WorkSpace/Documentation/SC1/NXP/IMXRT595-EVK-VGLite/ThirdParty/MCUXpressoSDK/middleware/vglite/VGLiteKernel/rtos/vg_lite_hal.c:540:8:vg_lite_hal_map	24	static
C:/WorkSpace/Documentation/SC1/NXP/IMXRT595-EVK-VGLite/ThirdParty/MCUXpressoSDK/middleware/vglite/VGLiteKernel/rtos/vg_lite_hal.c:550:6:vg_lite_hal_unmap	16	static
C:/WorkSpace/Documentation/SC1/NXP/IMXRT595-EVK-VGLite/ThirdParty/MCUXpressoSDK/middleware/vglite/VGLiteKernel/rtos/vg_lite_hal.c:557:17:vg_lite_hal_submit	32	static
C:/WorkSpace/Documentation/SC1/NXP/IMXRT595-EVK-VGLite/ThirdParty/MCUXpressoSDK/middleware/vglite/VGLiteKernel/rtos/vg_lite_hal.c:562:17:vg_lite_hal_wait	16	static
C:/WorkSpace/Documentation/SC1/NXP/IMXRT595-EVK-VGLite/ThirdParty/MCUXpressoSDK/middleware/vglite/VGLiteKernel/rtos/vg_lite_hal.c:568:13:vg_lite_exit	16	static
C:/WorkSpace/Documentation/SC1/NXP/IMXRT595-EVK-VGLite/ThirdParty/MCUXpressoSDK/middleware/vglite/VGLiteKernel/rtos/vg_lite_hal.c:602:12:vg_lite_init	16	static
