C:/WorkSpace/Documentation/SC1/NXP/IMXRT595-EVK-VGLite/TargetSpecific/ew_bsp_os.c:65:13:EwBspOsGetName	4	static
C:/WorkSpace/Documentation/SC1/NXP/IMXRT595-EVK-VGLite/TargetSpecific/ew_bsp_os.c:87:6:EwBspOsSystickHandler	4	static
C:/WorkSpace/Documentation/SC1/NXP/IMXRT595-EVK-VGLite/TargetSpecific/ew_bsp_os.c:112:15:EwBspOsGetTicks	8	static
C:/WorkSpace/Documentation/SC1/NXP/IMXRT595-EVK-VGLite/TargetSpecific/ew_bsp_os.c:141:6:EwBspOsDelay	16	static
C:/WorkSpace/Documentation/SC1/NXP/IMXRT595-EVK-VGLite/TargetSpecific/ew_bsp_os.c:177:15:EwBspOsThreadCreate	40	static
C:/WorkSpace/Documentation/SC1/NXP/IMXRT595-EVK-VGLite/TargetSpecific/ew_bsp_os.c:203:6:EwBspOsThreadDestroy	16	static
C:/WorkSpace/Documentation/SC1/NXP/IMXRT595-EVK-VGLite/TargetSpecific/ew_bsp_os.c:223:15:EwBspOsThreadGetHandle	8	static
C:/WorkSpace/Documentation/SC1/NXP/IMXRT595-EVK-VGLite/TargetSpecific/ew_bsp_os.c:248:6:EwBspOsSignalWait	32	static
C:/WorkSpace/Documentation/SC1/NXP/IMXRT595-EVK-VGLite/TargetSpecific/ew_bsp_os.c:275:6:EwBspOsSignalSet	32	static
C:/WorkSpace/Documentation/SC1/NXP/IMXRT595-EVK-VGLite/TargetSpecific/ew_bsp_os.c:307:18:EwBspOsSemaphoreCreate	16	static
C:/WorkSpace/Documentation/SC1/NXP/IMXRT595-EVK-VGLite/TargetSpecific/ew_bsp_os.c:330:5:EwBspOsSemaphoreWait	32	static
C:/WorkSpace/Documentation/SC1/NXP/IMXRT595-EVK-VGLite/TargetSpecific/ew_bsp_os.c:376:6:EwBspOsSemaphoreRelease	24	static
C:/WorkSpace/Documentation/SC1/NXP/IMXRT595-EVK-VGLite/TargetSpecific/ew_bsp_os.c:404:6:EwBspOsSemaphoreDestroy	16	static
C:/WorkSpace/Documentation/SC1/NXP/IMXRT595-EVK-VGLite/TargetSpecific/ew_bsp_os.c:424:6:EwBspOsStartScheduler	8	static
