c:\workspace\documentation\sc1\nxp\imxrt595-evk-vglite\thirdparty\mcuxpressosdk\cmsis\core\include\core_cm33.h:2575:22:__NVIC_SetPriority	16	static
c:\workspace\documentation\sc1\nxp\imxrt595-evk-vglite\thirdparty\mcuxpressosdk\cmsis\core\include\core_cm33.h:3128:26:SysTick_Config	16	static
c:\workspace\documentation\sc1\nxp\imxrt595-evk-vglite\thirdparty\mcuxpressosdk\devices\mimxrt595s\drivers\fsl_rtc.h:454:20:RTC_StartTimer	16	static
c:\workspace\documentation\sc1\nxp\imxrt595-evk-vglite\thirdparty\mcuxpressosdk\devices\mimxrt595s\drivers\fsl_rtc.h:467:20:RTC_StopTimer	16	static
C:/WorkSpace/Documentation/SC1/NXP/IMXRT595-EVK-VGLite/TargetSpecific/ew_bsp_clock.c:48:13:CycleCounterInit	4	static
C:/WorkSpace/Documentation/SC1/NXP/IMXRT595-EVK-VGLite/TargetSpecific/ew_bsp_clock.c:77:22:GetCycleCounterDelta	16	static
C:/WorkSpace/Documentation/SC1/NXP/IMXRT595-EVK-VGLite/TargetSpecific/ew_bsp_clock.c:129:6:EwBspClockInit	8	static
C:/WorkSpace/Documentation/SC1/NXP/IMXRT595-EVK-VGLite/TargetSpecific/ew_bsp_clock.c:156:15:EwBspClockGetTime	4	static
C:/WorkSpace/Documentation/SC1/NXP/IMXRT595-EVK-VGLite/TargetSpecific/ew_bsp_clock.c:176:6:EwBspClockSetTime	16	static
C:/WorkSpace/Documentation/SC1/NXP/IMXRT595-EVK-VGLite/TargetSpecific/ew_bsp_clock.c:202:6:EwBspClockGetCpuLoad	16	static
C:/WorkSpace/Documentation/SC1/NXP/IMXRT595-EVK-VGLite/TargetSpecific/ew_bsp_clock.c:238:6:EwBspClockCpuLoadSetActive	8	static
C:/WorkSpace/Documentation/SC1/NXP/IMXRT595-EVK-VGLite/TargetSpecific/ew_bsp_clock.c:264:6:EwBspClockCpuLoadSetIdle	8	static
