C:/WorkSpace/Documentation/SC1/NXP/IMXRT595-EVK-VGLite/ThirdParty/MCUXpressoSDK/middleware/vglite/VGLiteKernel/vg_lite_kernel.c:48:13:gpu	32	static
C:/WorkSpace/Documentation/SC1/NXP/IMXRT595-EVK-VGLite/ThirdParty/MCUXpressoSDK/middleware/vglite/VGLiteKernel/vg_lite_kernel.c:113:24:init_3rd	24	static
C:/WorkSpace/Documentation/SC1/NXP/IMXRT595-EVK-VGLite/ThirdParty/MCUXpressoSDK/middleware/vglite/VGLiteKernel/vg_lite_kernel.c:286:24:init_vglite	96	static
C:/WorkSpace/Documentation/SC1/NXP/IMXRT595-EVK-VGLite/ThirdParty/MCUXpressoSDK/middleware/vglite/VGLiteKernel/vg_lite_kernel.c:541:24:do_initialize	24	static
C:/WorkSpace/Documentation/SC1/NXP/IMXRT595-EVK-VGLite/ThirdParty/MCUXpressoSDK/middleware/vglite/VGLiteKernel/vg_lite_kernel.c:608:24:terminate_vglite	32	static
C:/WorkSpace/Documentation/SC1/NXP/IMXRT595-EVK-VGLite/ThirdParty/MCUXpressoSDK/middleware/vglite/VGLiteKernel/vg_lite_kernel.c:687:24:terminate_3rd	16	static
C:/WorkSpace/Documentation/SC1/NXP/IMXRT595-EVK-VGLite/ThirdParty/MCUXpressoSDK/middleware/vglite/VGLiteKernel/vg_lite_kernel.c:694:24:do_terminate	16	static
C:/WorkSpace/Documentation/SC1/NXP/IMXRT595-EVK-VGLite/ThirdParty/MCUXpressoSDK/middleware/vglite/VGLiteKernel/vg_lite_kernel.c:702:24:do_allocate	24	static
C:/WorkSpace/Documentation/SC1/NXP/IMXRT595-EVK-VGLite/ThirdParty/MCUXpressoSDK/middleware/vglite/VGLiteKernel/vg_lite_kernel.c:719:24:do_free	16	static
C:/WorkSpace/Documentation/SC1/NXP/IMXRT595-EVK-VGLite/ThirdParty/MCUXpressoSDK/middleware/vglite/VGLiteKernel/vg_lite_kernel.c:809:24:do_submit	40	static
C:/WorkSpace/Documentation/SC1/NXP/IMXRT595-EVK-VGLite/ThirdParty/MCUXpressoSDK/middleware/vglite/VGLiteKernel/vg_lite_kernel.c:846:24:do_wait	24	static
C:/WorkSpace/Documentation/SC1/NXP/IMXRT595-EVK-VGLite/ThirdParty/MCUXpressoSDK/middleware/vglite/VGLiteKernel/vg_lite_kernel.c:857:24:do_reset	8	static
C:/WorkSpace/Documentation/SC1/NXP/IMXRT595-EVK-VGLite/ThirdParty/MCUXpressoSDK/middleware/vglite/VGLiteKernel/vg_lite_kernel.c:866:24:do_debug	4	static
C:/WorkSpace/Documentation/SC1/NXP/IMXRT595-EVK-VGLite/ThirdParty/MCUXpressoSDK/middleware/vglite/VGLiteKernel/vg_lite_kernel.c:871:24:do_map	16	static
C:/WorkSpace/Documentation/SC1/NXP/IMXRT595-EVK-VGLite/ThirdParty/MCUXpressoSDK/middleware/vglite/VGLiteKernel/vg_lite_kernel.c:881:24:do_unmap	16	static
C:/WorkSpace/Documentation/SC1/NXP/IMXRT595-EVK-VGLite/ThirdParty/MCUXpressoSDK/middleware/vglite/VGLiteKernel/vg_lite_kernel.c:888:24:do_peek	16	static
C:/WorkSpace/Documentation/SC1/NXP/IMXRT595-EVK-VGLite/ThirdParty/MCUXpressoSDK/middleware/vglite/VGLiteKernel/vg_lite_kernel.c:895:24:do_query_mem	24	static
C:/WorkSpace/Documentation/SC1/NXP/IMXRT595-EVK-VGLite/ThirdParty/MCUXpressoSDK/middleware/vglite/VGLiteKernel/vg_lite_kernel.c:904:24:do_query_context_switch	16	static
C:/WorkSpace/Documentation/SC1/NXP/IMXRT595-EVK-VGLite/ThirdParty/MCUXpressoSDK/middleware/vglite/VGLiteKernel/vg_lite_kernel.c:911:13:soft_reset	16	static
C:/WorkSpace/Documentation/SC1/NXP/IMXRT595-EVK-VGLite/ThirdParty/MCUXpressoSDK/middleware/vglite/VGLiteKernel/vg_lite_kernel.c:929:24:do_mutex_lock	8	static
C:/WorkSpace/Documentation/SC1/NXP/IMXRT595-EVK-VGLite/ThirdParty/MCUXpressoSDK/middleware/vglite/VGLiteKernel/vg_lite_kernel.c:934:24:do_mutex_unlock	8	static
C:/WorkSpace/Documentation/SC1/NXP/IMXRT595-EVK-VGLite/ThirdParty/MCUXpressoSDK/middleware/vglite/VGLiteKernel/vg_lite_kernel.c:940:17:vg_lite_kernel	16	static
