C:/WorkSpace/Documentation/SC1/NXP/IMXRT595-EVK-VGLite/PlatformPackage/RTE/ewextrte.c:104:7:EwAlloc	24	static
C:/WorkSpace/Documentation/SC1/NXP/IMXRT595-EVK-VGLite/PlatformPackage/RTE/ewextrte.c:128:6:EwFree	16	static
C:/WorkSpace/Documentation/SC1/NXP/IMXRT595-EVK-VGLite/PlatformPackage/RTE/ewextrte.c:152:5:EwIsMemory	16	static
C:/WorkSpace/Documentation/SC1/NXP/IMXRT595-EVK-VGLite/PlatformPackage/RTE/ewextrte.c:180:6:EwPanic	8	static
C:/WorkSpace/Documentation/SC1/NXP/IMXRT595-EVK-VGLite/PlatformPackage/RTE/ewextrte.c:207:6:EwConsoleOutput	16	static
C:/WorkSpace/Documentation/SC1/NXP/IMXRT595-EVK-VGLite/PlatformPackage/RTE/ewextrte.c:238:6:EwSaveRegister	16	static
C:/WorkSpace/Documentation/SC1/NXP/IMXRT595-EVK-VGLite/PlatformPackage/RTE/ewextrte.c:262:15:EwGetTicks	8	static
C:/WorkSpace/Documentation/SC1/NXP/IMXRT595-EVK-VGLite/PlatformPackage/RTE/ewextrte.c:286:8:EwGetTime	16	static
C:/WorkSpace/Documentation/SC1/NXP/IMXRT595-EVK-VGLite/PlatformPackage/RTE/ewextrte.c:338:6:EwZero	16	static
C:/WorkSpace/Documentation/SC1/NXP/IMXRT595-EVK-VGLite/PlatformPackage/RTE/ewextrte.c:363:6:EwFill	24	static
C:/WorkSpace/Documentation/SC1/NXP/IMXRT595-EVK-VGLite/PlatformPackage/RTE/ewextrte.c:388:6:EwMove	24	static
C:/WorkSpace/Documentation/SC1/NXP/IMXRT595-EVK-VGLite/PlatformPackage/RTE/ewextrte.c:413:6:EwCopy	24	static
C:/WorkSpace/Documentation/SC1/NXP/IMXRT595-EVK-VGLite/PlatformPackage/RTE/ewextrte.c:438:6:EwStrCpy	16	static
C:/WorkSpace/Documentation/SC1/NXP/IMXRT595-EVK-VGLite/PlatformPackage/RTE/ewextrte.c:463:6:EwStrCat	16	static
C:/WorkSpace/Documentation/SC1/NXP/IMXRT595-EVK-VGLite/PlatformPackage/RTE/ewextrte.c:490:5:EwStrCmp	16	static
C:/WorkSpace/Documentation/SC1/NXP/IMXRT595-EVK-VGLite/PlatformPackage/RTE/ewextrte.c:513:5:EwStrLen	16	static
C:/WorkSpace/Documentation/SC1/NXP/IMXRT595-EVK-VGLite/PlatformPackage/RTE/ewextrte.c:541:5:EwAtomicFetchAndAdd	16	static
C:/WorkSpace/Documentation/SC1/NXP/IMXRT595-EVK-VGLite/PlatformPackage/RTE/ewextrte.c:561:8:EwMathSin	16	static
C:/WorkSpace/Documentation/SC1/NXP/IMXRT595-EVK-VGLite/PlatformPackage/RTE/ewextrte.c:583:8:EwMathCos	16	static
C:/WorkSpace/Documentation/SC1/NXP/IMXRT595-EVK-VGLite/PlatformPackage/RTE/ewextrte.c:605:8:EwMathTan	16	static
C:/WorkSpace/Documentation/SC1/NXP/IMXRT595-EVK-VGLite/PlatformPackage/RTE/ewextrte.c:628:8:EwMathArcSin	16	static
C:/WorkSpace/Documentation/SC1/NXP/IMXRT595-EVK-VGLite/PlatformPackage/RTE/ewextrte.c:651:8:EwMathArcCos	16	static
C:/WorkSpace/Documentation/SC1/NXP/IMXRT595-EVK-VGLite/PlatformPackage/RTE/ewextrte.c:673:8:EwMathArcTan	16	static
C:/WorkSpace/Documentation/SC1/NXP/IMXRT595-EVK-VGLite/PlatformPackage/RTE/ewextrte.c:695:8:EwMathArcTan2	16	static
C:/WorkSpace/Documentation/SC1/NXP/IMXRT595-EVK-VGLite/PlatformPackage/RTE/ewextrte.c:718:8:EwMathSqrt	16	static
C:/WorkSpace/Documentation/SC1/NXP/IMXRT595-EVK-VGLite/PlatformPackage/RTE/ewextrte.c:740:8:EwMathPow	16	static
C:/WorkSpace/Documentation/SC1/NXP/IMXRT595-EVK-VGLite/PlatformPackage/RTE/ewextrte.c:761:8:EwMathExp	16	static
C:/WorkSpace/Documentation/SC1/NXP/IMXRT595-EVK-VGLite/PlatformPackage/RTE/ewextrte.c:782:8:EwMathLog	16	static
C:/WorkSpace/Documentation/SC1/NXP/IMXRT595-EVK-VGLite/PlatformPackage/RTE/ewextrte.c:803:8:EwMathLog10	16	static
C:/WorkSpace/Documentation/SC1/NXP/IMXRT595-EVK-VGLite/PlatformPackage/RTE/ewextrte.c:826:8:EwMathRandInt32	24	static
C:/WorkSpace/Documentation/SC1/NXP/IMXRT595-EVK-VGLite/PlatformPackage/RTE/ewextrte.c:860:8:EwMathRandFloat	24	static
C:/WorkSpace/Documentation/SC1/NXP/IMXRT595-EVK-VGLite/PlatformPackage/RTE/ewextrte.c:891:8:EwMathRound	16	static
C:/WorkSpace/Documentation/SC1/NXP/IMXRT595-EVK-VGLite/PlatformPackage/RTE/ewextrte.c:911:8:EwMathFloor	16	static
C:/WorkSpace/Documentation/SC1/NXP/IMXRT595-EVK-VGLite/PlatformPackage/RTE/ewextrte.c:932:8:EwMathCeil	16	static
