C:/WorkSpace/Documentation/SC1/NXP/IMXRT595-EVK-VGLite/ThirdParty/MCUXpressoSDK/devices/MIMXRT595S/drivers/fsl_iap.c:101:1:IAP_FlexspiNorInit	16	static
C:/WorkSpace/Documentation/SC1/NXP/IMXRT595-EVK-VGLite/ThirdParty/MCUXpressoSDK/devices/MIMXRT595S/drivers/fsl_iap.c:165:1:IAP_FlexspiNorAutoConfig	40	static
C:/WorkSpace/Documentation/SC1/NXP/IMXRT595-EVK-VGLite/ThirdParty/MCUXpressoSDK/devices/MIMXRT595S/drivers/fsl_iap.c:93:6:IAP_RunBootLoader	16	static
C:/WorkSpace/Documentation/SC1/NXP/IMXRT595-EVK-VGLite/ThirdParty/MCUXpressoSDK/devices/MIMXRT595S/drivers/fsl_iap.c:106:10:IAP_FlexspiNorPageProgram	32	static
C:/WorkSpace/Documentation/SC1/NXP/IMXRT595-EVK-VGLite/ThirdParty/MCUXpressoSDK/devices/MIMXRT595S/drivers/fsl_iap.c:114:10:IAP_FlexspiNorEraseAll	16	static
C:/WorkSpace/Documentation/SC1/NXP/IMXRT595-EVK-VGLite/ThirdParty/MCUXpressoSDK/devices/MIMXRT595S/drivers/fsl_iap.c:119:10:IAP_FlexspiNorErase	32	static
C:/WorkSpace/Documentation/SC1/NXP/IMXRT595-EVK-VGLite/ThirdParty/MCUXpressoSDK/devices/MIMXRT595S/drivers/fsl_iap.c:124:10:IAP_FlexspiNorEraseSector	24	static
C:/WorkSpace/Documentation/SC1/NXP/IMXRT595-EVK-VGLite/ThirdParty/MCUXpressoSDK/devices/MIMXRT595S/drivers/fsl_iap.c:129:10:IAP_FlexspiNorEraseBlock	24	static
C:/WorkSpace/Documentation/SC1/NXP/IMXRT595-EVK-VGLite/ThirdParty/MCUXpressoSDK/devices/MIMXRT595S/drivers/fsl_iap.c:134:10:IAP_FlexspiNorGetConfig	24	static
C:/WorkSpace/Documentation/SC1/NXP/IMXRT595-EVK-VGLite/ThirdParty/MCUXpressoSDK/devices/MIMXRT595S/drivers/fsl_iap.c:139:10:IAP_FlexspiNorRead	40	static
C:/WorkSpace/Documentation/SC1/NXP/IMXRT595-EVK-VGLite/ThirdParty/MCUXpressoSDK/devices/MIMXRT595S/drivers/fsl_iap.c:145:10:IAP_FlexspiXfer	16	static
C:/WorkSpace/Documentation/SC1/NXP/IMXRT595-EVK-VGLite/ThirdParty/MCUXpressoSDK/devices/MIMXRT595S/drivers/fsl_iap.c:150:10:IAP_FlexspiUpdateLut	32	static
C:/WorkSpace/Documentation/SC1/NXP/IMXRT595-EVK-VGLite/ThirdParty/MCUXpressoSDK/devices/MIMXRT595S/drivers/fsl_iap.c:155:10:IAP_FlexspiSetClockSource	16	static
C:/WorkSpace/Documentation/SC1/NXP/IMXRT595-EVK-VGLite/ThirdParty/MCUXpressoSDK/devices/MIMXRT595S/drivers/fsl_iap.c:160:6:IAP_FlexspiConfigClock	24	static
C:/WorkSpace/Documentation/SC1/NXP/IMXRT595-EVK-VGLite/ThirdParty/MCUXpressoSDK/devices/MIMXRT595S/drivers/fsl_iap.c:189:10:IAP_OtpInit	16	static
C:/WorkSpace/Documentation/SC1/NXP/IMXRT595-EVK-VGLite/ThirdParty/MCUXpressoSDK/devices/MIMXRT595S/drivers/fsl_iap.c:194:10:IAP_OtpDeinit	8	static
C:/WorkSpace/Documentation/SC1/NXP/IMXRT595-EVK-VGLite/ThirdParty/MCUXpressoSDK/devices/MIMXRT595S/drivers/fsl_iap.c:199:10:IAP_OtpFuseRead	16	static
C:/WorkSpace/Documentation/SC1/NXP/IMXRT595-EVK-VGLite/ThirdParty/MCUXpressoSDK/devices/MIMXRT595S/drivers/fsl_iap.c:204:10:IAP_OtpFuseProgram	24	static
C:/WorkSpace/Documentation/SC1/NXP/IMXRT595-EVK-VGLite/ThirdParty/MCUXpressoSDK/devices/MIMXRT595S/drivers/fsl_iap.c:209:10:IAP_OtpCrcCalc	24	static
C:/WorkSpace/Documentation/SC1/NXP/IMXRT595-EVK-VGLite/ThirdParty/MCUXpressoSDK/devices/MIMXRT595S/drivers/fsl_iap.c:214:10:IAP_OtpShadowRegisterReload	8	static
C:/WorkSpace/Documentation/SC1/NXP/IMXRT595-EVK-VGLite/ThirdParty/MCUXpressoSDK/devices/MIMXRT595S/drivers/fsl_iap.c:219:10:IAP_OtpCrcCheck	24	static
