c:\workspace\documentation\sc1\nxp\imxrt595-evk-vglite\thirdparty\mcuxpressosdk\cmsis\core\include\core_cm33.h:2378:22:__NVIC_EnableIRQ	16	static
C:/WorkSpace/Documentation/SC1/NXP/IMXRT595-EVK-VGLite/ThirdParty/MCUXpressoSDK/devices/MIMXRT595S/drivers/fsl_clock.h:1098:20:CLOCK_EnableClock	24	static
C:/WorkSpace/Documentation/SC1/NXP/IMXRT595-EVK-VGLite/ThirdParty/MCUXpressoSDK/devices/MIMXRT595S/drivers/fsl_clock.h:1128:20:CLOCK_DisableClock	24	static
C:/WorkSpace/Documentation/SC1/NXP/IMXRT595-EVK-VGLite/ThirdParty/MCUXpressoSDK/devices/MIMXRT595S/drivers/fsl_common_arm.h:499:24:EnableIRQ	24	static
C:/WorkSpace/Documentation/SC1/NXP/IMXRT595-EVK-VGLite/ThirdParty/MCUXpressoSDK/devices/MIMXRT595S/drivers/fsl_mipi_dsi.h:502:20:DSI_EnableInterrupts	24	static
C:/WorkSpace/Documentation/SC1/NXP/IMXRT595-EVK-VGLite/ThirdParty/MCUXpressoSDK/devices/MIMXRT595S/drivers/fsl_mipi_dsi.h:517:20:DSI_DisableInterrupts	24	static
C:/WorkSpace/Documentation/SC1/NXP/IMXRT595-EVK-VGLite/ThirdParty/MCUXpressoSDK/devices/MIMXRT595S/drivers/fsl_mipi_dsi.h:530:20:DSI_GetAndClearInterruptStatus	24	static
C:/WorkSpace/Documentation/SC1/NXP/IMXRT595-EVK-VGLite/ThirdParty/MCUXpressoSDK/devices/MIMXRT595S/drivers/fsl_mipi_dsi.h:616:20:DSI_SendApbPacket	16	static
C:/WorkSpace/Documentation/SC1/NXP/IMXRT595-EVK-VGLite/ThirdParty/MCUXpressoSDK/devices/MIMXRT595S/drivers/fsl_mipi_dsi.h:689:24:DSI_GetRxPacketHeader	16	static
C:/WorkSpace/Documentation/SC1/NXP/IMXRT595-EVK-VGLite/ThirdParty/MCUXpressoSDK/devices/MIMXRT595S/drivers/fsl_mipi_dsi.h:702:34:DSI_GetRxPacketType	16	static
C:/WorkSpace/Documentation/SC1/NXP/IMXRT595-EVK-VGLite/ThirdParty/MCUXpressoSDK/devices/MIMXRT595S/drivers/fsl_mipi_dsi.h:716:24:DSI_GetRxPacketWordCount	16	static
C:/WorkSpace/Documentation/SC1/NXP/IMXRT595-EVK-VGLite/ThirdParty/MCUXpressoSDK/devices/MIMXRT595S/drivers/fsl_mipi_dsi.c:196:10:DSI_GetInstance	24	static
C:/WorkSpace/Documentation/SC1/NXP/IMXRT595-EVK-VGLite/ThirdParty/MCUXpressoSDK/devices/MIMXRT595S/drivers/fsl_mipi_dsi.c:336:13:DSI_ApbClearRxFifo	24	static
C:/WorkSpace/Documentation/SC1/NXP/IMXRT595-EVK-VGLite/ThirdParty/MCUXpressoSDK/devices/MIMXRT595S/drivers/fsl_mipi_dsi.c:358:6:DSI_Init	16	static
C:/WorkSpace/Documentation/SC1/NXP/IMXRT595-EVK-VGLite/ThirdParty/MCUXpressoSDK/devices/MIMXRT595S/drivers/fsl_mipi_dsi.c:411:6:DSI_Deinit	16	static
C:/WorkSpace/Documentation/SC1/NXP/IMXRT595-EVK-VGLite/ThirdParty/MCUXpressoSDK/devices/MIMXRT595S/drivers/fsl_mipi_dsi.c:435:6:DSI_GetDefaultConfig	16	static
C:/WorkSpace/Documentation/SC1/NXP/IMXRT595-EVK-VGLite/ThirdParty/MCUXpressoSDK/devices/MIMXRT595S/drivers/fsl_mipi_dsi.c:467:6:DSI_SetDpiConfig	32	static
C:/WorkSpace/Documentation/SC1/NXP/IMXRT595-EVK-VGLite/ThirdParty/MCUXpressoSDK/devices/MIMXRT595S/drivers/fsl_mipi_dsi.c:546:10:DSI_InitDphy	24	static
C:/WorkSpace/Documentation/SC1/NXP/IMXRT595-EVK-VGLite/ThirdParty/MCUXpressoSDK/devices/MIMXRT595S/drivers/fsl_mipi_dsi.c:623:6:DSI_DeinitDphy	16	static
C:/WorkSpace/Documentation/SC1/NXP/IMXRT595-EVK-VGLite/ThirdParty/MCUXpressoSDK/devices/MIMXRT595S/drivers/fsl_mipi_dsi.c:645:6:DSI_GetDphyDefaultConfig	32	static
C:/WorkSpace/Documentation/SC1/NXP/IMXRT595-EVK-VGLite/ThirdParty/MCUXpressoSDK/devices/MIMXRT595S/drivers/fsl_mipi_dsi.c:752:6:DSI_SetApbPacketControl	24	static
C:/WorkSpace/Documentation/SC1/NXP/IMXRT595-EVK-VGLite/ThirdParty/MCUXpressoSDK/devices/MIMXRT595S/drivers/fsl_mipi_dsi.c:780:6:DSI_WriteApbTxPayload	32	static
C:/WorkSpace/Documentation/SC1/NXP/IMXRT595-EVK-VGLite/ThirdParty/MCUXpressoSDK/devices/MIMXRT595S/drivers/fsl_mipi_dsi.c:785:6:DSI_WriteApbTxPayloadExt	32	static
C:/WorkSpace/Documentation/SC1/NXP/IMXRT595-EVK-VGLite/ThirdParty/MCUXpressoSDK/devices/MIMXRT595S/drivers/fsl_mipi_dsi.c:850:17:DSI_PrepareApbTransfer	40	static
C:/WorkSpace/Documentation/SC1/NXP/IMXRT595-EVK-VGLite/ThirdParty/MCUXpressoSDK/devices/MIMXRT595S/drivers/fsl_mipi_dsi.c:929:6:DSI_ReadApbRxPayload	32	static
C:/WorkSpace/Documentation/SC1/NXP/IMXRT595-EVK-VGLite/ThirdParty/MCUXpressoSDK/devices/MIMXRT595S/drivers/fsl_mipi_dsi.c:973:10:DSI_TransferBlocking	40	static
C:/WorkSpace/Documentation/SC1/NXP/IMXRT595-EVK-VGLite/ThirdParty/MCUXpressoSDK/devices/MIMXRT595S/drivers/fsl_mipi_dsi.c:1027:17:DSI_HandleResult	40	static
C:/WorkSpace/Documentation/SC1/NXP/IMXRT595-EVK-VGLite/ThirdParty/MCUXpressoSDK/devices/MIMXRT595S/drivers/fsl_mipi_dsi.c:1139:10:DSI_TransferCreateHandle	32	static
C:/WorkSpace/Documentation/SC1/NXP/IMXRT595-EVK-VGLite/ThirdParty/MCUXpressoSDK/devices/MIMXRT595S/drivers/fsl_mipi_dsi.c:1180:10:DSI_TransferNonBlocking	40	static
C:/WorkSpace/Documentation/SC1/NXP/IMXRT595-EVK-VGLite/ThirdParty/MCUXpressoSDK/devices/MIMXRT595S/drivers/fsl_mipi_dsi.c:1225:6:DSI_TransferAbort	16	static
C:/WorkSpace/Documentation/SC1/NXP/IMXRT595-EVK-VGLite/ThirdParty/MCUXpressoSDK/devices/MIMXRT595S/drivers/fsl_mipi_dsi.c:1260:6:DSI_TransferHandleIRQ	40	static
C:/WorkSpace/Documentation/SC1/NXP/IMXRT595-EVK-VGLite/ThirdParty/MCUXpressoSDK/devices/MIMXRT595S/drivers/fsl_mipi_dsi.c:1314:6:MIPI_DriverIRQHandler	8	static
