c:\workspace\documentation\sc1\nxp\imxrt595-evk-vglite\thirdparty\mcuxpressosdk\cmsis\core\include\core_cm33.h:2378:22:__NVIC_EnableIRQ	16	static
c:\workspace\documentation\sc1\nxp\imxrt595-evk-vglite\thirdparty\mcuxpressosdk\cmsis\core\include\core_cm33.h:2397:26:__NVIC_GetEnableIRQ	16	static
c:\workspace\documentation\sc1\nxp\imxrt595-evk-vglite\thirdparty\mcuxpressosdk\cmsis\core\include\core_cm33.h:2416:22:__NVIC_DisableIRQ	16	static
c:\workspace\documentation\sc1\nxp\imxrt595-evk-vglite\thirdparty\mcuxpressosdk\cmsis\core\include\core_cm33.h:2469:22:__NVIC_ClearPendingIRQ	16	static
C:/WorkSpace/Documentation/SC1/NXP/IMXRT595-EVK-VGLite/ThirdParty/MCUXpressoSDK/devices/MIMXRT595S/drivers/fsl_common_arm.h:499:24:EnableIRQ	24	static
C:/WorkSpace/Documentation/SC1/NXP/IMXRT595-EVK-VGLite/ThirdParty/MCUXpressoSDK/devices/MIMXRT595S/drivers/fsl_common_arm.h:543:24:DisableIRQ	24	static
C:/WorkSpace/Documentation/SC1/NXP/IMXRT595-EVK-VGLite/ThirdParty/MCUXpressoSDK/devices/MIMXRT595S/drivers/fsl_common_arm.h:579:24:DisableGlobalIRQ	16	static
C:/WorkSpace/Documentation/SC1/NXP/IMXRT595-EVK-VGLite/ThirdParty/MCUXpressoSDK/devices/MIMXRT595S/drivers/fsl_common_arm.h:606:20:EnableGlobalIRQ	24	static
C:/WorkSpace/Documentation/SC1/NXP/IMXRT595-EVK-VGLite/ThirdParty/MCUXpressoSDK/devices/MIMXRT595S/drivers/fsl_power.h:346:20:POWER_EnableDeepSleep	4	static
C:/WorkSpace/Documentation/SC1/NXP/IMXRT595-EVK-VGLite/ThirdParty/MCUXpressoSDK/devices/MIMXRT595S/drivers/fsl_power.h:429:32:POWER_GetBodyBiasMode	24	static
C:/WorkSpace/Documentation/SC1/NXP/IMXRT595-EVK-VGLite/ThirdParty/MCUXpressoSDK/devices/MIMXRT595S/drivers/fsl_power.c:149:1:POWER_SetBiasConfig	4	static
C:/WorkSpace/Documentation/SC1/NXP/IMXRT595-EVK-VGLite/ThirdParty/MCUXpressoSDK/devices/MIMXRT595S/drivers/fsl_power.c:162:17:POWER_CalcVoltLevel	32	static
C:/WorkSpace/Documentation/SC1/NXP/IMXRT595-EVK-VGLite/ThirdParty/MCUXpressoSDK/devices/MIMXRT595S/drivers/fsl_power.c:188:6:POWER_DisableLVD	4	static
C:/WorkSpace/Documentation/SC1/NXP/IMXRT595-EVK-VGLite/ThirdParty/MCUXpressoSDK/devices/MIMXRT595S/drivers/fsl_power.c:197:6:POWER_RestoreLVD	4	static
C:/WorkSpace/Documentation/SC1/NXP/IMXRT595-EVK-VGLite/ThirdParty/MCUXpressoSDK/devices/MIMXRT595S/drivers/fsl_power.c:207:6:POWER_UpdateOscSettlingTime	16	static
C:/WorkSpace/Documentation/SC1/NXP/IMXRT595-EVK-VGLite/ThirdParty/MCUXpressoSDK/devices/MIMXRT595S/drivers/fsl_power.c:216:6:POWER_UpdatePmicRecoveryTime	16	static
C:/WorkSpace/Documentation/SC1/NXP/IMXRT595-EVK-VGLite/ThirdParty/MCUXpressoSDK/devices/MIMXRT595S/drivers/fsl_power.c:227:6:POWER_EnablePD	16	static
C:/WorkSpace/Documentation/SC1/NXP/IMXRT595-EVK-VGLite/ThirdParty/MCUXpressoSDK/devices/MIMXRT595S/drivers/fsl_power.c:244:6:POWER_DisablePD	16	static
C:/WorkSpace/Documentation/SC1/NXP/IMXRT595-EVK-VGLite/ThirdParty/MCUXpressoSDK/devices/MIMXRT595S/drivers/fsl_power.c:258:6:POWER_ApplyPD	4	static
C:/WorkSpace/Documentation/SC1/NXP/IMXRT595-EVK-VGLite/ThirdParty/MCUXpressoSDK/devices/MIMXRT595S/drivers/fsl_power.c:277:6:POWER_ClearEventFlags	16	static
C:/WorkSpace/Documentation/SC1/NXP/IMXRT595-EVK-VGLite/ThirdParty/MCUXpressoSDK/devices/MIMXRT595S/drivers/fsl_power.c:286:10:POWER_GetEventFlags	4	static
C:/WorkSpace/Documentation/SC1/NXP/IMXRT595-EVK-VGLite/ThirdParty/MCUXpressoSDK/devices/MIMXRT595S/drivers/fsl_power.c:295:6:POWER_EnableInterrupts	16	static
C:/WorkSpace/Documentation/SC1/NXP/IMXRT595-EVK-VGLite/ThirdParty/MCUXpressoSDK/devices/MIMXRT595S/drivers/fsl_power.c:304:6:POWER_DisableInterrupts	16	static
C:/WorkSpace/Documentation/SC1/NXP/IMXRT595-EVK-VGLite/ThirdParty/MCUXpressoSDK/devices/MIMXRT595S/drivers/fsl_power.c:313:6:POWER_SetAnalogBuffer	16	static
C:/WorkSpace/Documentation/SC1/NXP/IMXRT595-EVK-VGLite/ThirdParty/MCUXpressoSDK/devices/MIMXRT595S/drivers/fsl_power.c:332:6:POWER_SetPadVolRange	16	static
C:/WorkSpace/Documentation/SC1/NXP/IMXRT595-EVK-VGLite/ThirdParty/MCUXpressoSDK/devices/MIMXRT595S/drivers/fsl_power.c:342:1:POWER_EnterRbb	32	static
C:/WorkSpace/Documentation/SC1/NXP/IMXRT595-EVK-VGLite/ThirdParty/MCUXpressoSDK/devices/MIMXRT595S/drivers/fsl_power.c:389:1:POWER_EnterFbb	32	static
C:/WorkSpace/Documentation/SC1/NXP/IMXRT595-EVK-VGLite/ThirdParty/MCUXpressoSDK/devices/MIMXRT595S/drivers/fsl_power.c:437:1:POWER_EnterNbb	32	static
C:/WorkSpace/Documentation/SC1/NXP/IMXRT595-EVK-VGLite/ThirdParty/MCUXpressoSDK/devices/MIMXRT595S/drivers/fsl_power.c:484:6:POWER_SetLdoVoltageForFreq	40	static
C:/WorkSpace/Documentation/SC1/NXP/IMXRT595-EVK-VGLite/ThirdParty/MCUXpressoSDK/devices/MIMXRT595S/drivers/fsl_power.c:541:6:POWER_SetLvdFallingTripVoltage	16	static
C:/WorkSpace/Documentation/SC1/NXP/IMXRT595-EVK-VGLite/ThirdParty/MCUXpressoSDK/devices/MIMXRT595S/drivers/fsl_power.c:547:34:POWER_GetLvdFallingTripVoltage	16	static
C:/WorkSpace/Documentation/SC1/NXP/IMXRT595-EVK-VGLite/ThirdParty/MCUXpressoSDK/devices/MIMXRT595S/drivers/fsl_power.c:553:1:delay	24	static
C:/WorkSpace/Documentation/SC1/NXP/IMXRT595-EVK-VGLite/ThirdParty/MCUXpressoSDK/devices/MIMXRT595S/drivers/fsl_power.c:562:1:deinitXip	4	static
C:/WorkSpace/Documentation/SC1/NXP/IMXRT595-EVK-VGLite/ThirdParty/MCUXpressoSDK/devices/MIMXRT595S/drivers/fsl_power.c:594:1:initFlexSPI	32	static
C:/WorkSpace/Documentation/SC1/NXP/IMXRT595-EVK-VGLite/ThirdParty/MCUXpressoSDK/devices/MIMXRT595S/drivers/fsl_power.c:643:1:initXip	8	static
C:/WorkSpace/Documentation/SC1/NXP/IMXRT595-EVK-VGLite/ThirdParty/MCUXpressoSDK/devices/MIMXRT595S/drivers/fsl_power.c:665:1:countPartitionSwitches	32	static
C:/WorkSpace/Documentation/SC1/NXP/IMXRT595-EVK-VGLite/ThirdParty/MCUXpressoSDK/devices/MIMXRT595S/drivers/fsl_power.c:695:1:POWER_CalculateSafetyCount	40	static
C:/WorkSpace/Documentation/SC1/NXP/IMXRT595-EVK-VGLite/ThirdParty/MCUXpressoSDK/devices/MIMXRT595S/drivers/fsl_power.c:804:6:POWER_EnterSleep	24	static
C:/WorkSpace/Documentation/SC1/NXP/IMXRT595-EVK-VGLite/ThirdParty/MCUXpressoSDK/devices/MIMXRT595S/drivers/fsl_power.c:818:1:POWER_EnterDeepSleep	96	static
C:/WorkSpace/Documentation/SC1/NXP/IMXRT595-EVK-VGLite/ThirdParty/MCUXpressoSDK/devices/MIMXRT595S/drivers/fsl_power.c:1106:6:POWER_EnterDeepPowerDown	24	static
C:/WorkSpace/Documentation/SC1/NXP/IMXRT595-EVK-VGLite/ThirdParty/MCUXpressoSDK/devices/MIMXRT595S/drivers/fsl_power.c:1143:6:POWER_EnterFullDeepPowerDown	24	static
C:/WorkSpace/Documentation/SC1/NXP/IMXRT595-EVK-VGLite/ThirdParty/MCUXpressoSDK/devices/MIMXRT595S/drivers/fsl_power.c:1176:6:POWER_EnterPowerMode	16	static
C:/WorkSpace/Documentation/SC1/NXP/IMXRT595-EVK-VGLite/ThirdParty/MCUXpressoSDK/devices/MIMXRT595S/drivers/fsl_power.c:1202:6:POWER_SetPmicMode	16	static
C:/WorkSpace/Documentation/SC1/NXP/IMXRT595-EVK-VGLite/ThirdParty/MCUXpressoSDK/devices/MIMXRT595S/drivers/fsl_power.c:1213:6:POWER_SetDeepSleepClock	16	static
C:/WorkSpace/Documentation/SC1/NXP/IMXRT595-EVK-VGLite/ThirdParty/MCUXpressoSDK/devices/MIMXRT595S/drivers/fsl_power.c:1218:6:EnableDeepSleepIRQ	24	static
C:/WorkSpace/Documentation/SC1/NXP/IMXRT595-EVK-VGLite/ThirdParty/MCUXpressoSDK/devices/MIMXRT595S/drivers/fsl_power.c:1236:6:DisableDeepSleepIRQ	24	static
C:/WorkSpace/Documentation/SC1/NXP/IMXRT595-EVK-VGLite/ThirdParty/MCUXpressoSDK/devices/MIMXRT595S/drivers/fsl_power.c:1256:10:POWER_GetLibVersion	4	static
