C:/WorkSpace/Documentation/SC1/NXP/IMXRT595-EVK-VGLite/ThirdParty/MCUXpressoSDK/devices/MIMXRT595S/drivers/fsl_clock.h:1098:20:CLOCK_EnableClock	24	static
C:/WorkSpace/Documentation/SC1/NXP/IMXRT595-EVK-VGLite/ThirdParty/MCUXpressoSDK/devices/MIMXRT595S/drivers/fsl_clock.h:1128:20:CLOCK_DisableClock	24	static
C:/WorkSpace/Documentation/SC1/NXP/IMXRT595-EVK-VGLite/ThirdParty/MCUXpressoSDK/devices/MIMXRT595S/drivers/fsl_clock.h:1299:24:CLOCK_GetXtalInClkFreq	4	static
C:/WorkSpace/Documentation/SC1/NXP/IMXRT595-EVK-VGLite/ThirdParty/MCUXpressoSDK/devices/MIMXRT595S/drivers/fsl_clock.h:1307:24:CLOCK_GetMclkInClkFreq	4	static
C:/WorkSpace/Documentation/SC1/NXP/IMXRT595-EVK-VGLite/ThirdParty/MCUXpressoSDK/devices/MIMXRT595S/drivers/fsl_clock.h:1315:24:CLOCK_GetLpOscFreq	4	static
C:/WorkSpace/Documentation/SC1/NXP/IMXRT595-EVK-VGLite/ThirdParty/MCUXpressoSDK/devices/MIMXRT595S/drivers/fsl_clock.h:1323:24:CLOCK_GetOsc32KFreq	4	static
C:/WorkSpace/Documentation/SC1/NXP/IMXRT595-EVK-VGLite/ThirdParty/MCUXpressoSDK/devices/MIMXRT595S/drivers/fsl_clock.h:1346:24:CLOCK_GetWakeClk32KFreq	8	static
C:/WorkSpace/Documentation/SC1/NXP/IMXRT595-EVK-VGLite/ThirdParty/MCUXpressoSDK/devices/MIMXRT595S/drivers/fsl_clock.c:50:6:CLOCK_AttachClk	32	static
C:/WorkSpace/Documentation/SC1/NXP/IMXRT595-EVK-VGLite/ThirdParty/MCUXpressoSDK/devices/MIMXRT595S/drivers/fsl_clock.c:91:6:CLOCK_SetClkDiv	24	static
C:/WorkSpace/Documentation/SC1/NXP/IMXRT595-EVK-VGLite/ThirdParty/MCUXpressoSDK/devices/MIMXRT595S/drivers/fsl_clock.c:124:10:CLOCK_GetSysPllFreq	56	static
C:/WorkSpace/Documentation/SC1/NXP/IMXRT595-EVK-VGLite/ThirdParty/MCUXpressoSDK/devices/MIMXRT595S/drivers/fsl_clock.c:158:10:CLOCK_GetSysPfdFreq	184	static
C:/WorkSpace/Documentation/SC1/NXP/IMXRT595-EVK-VGLite/ThirdParty/MCUXpressoSDK/devices/MIMXRT595S/drivers/fsl_clock.c:199:17:CLOCK_GetMainPllClkFreq	8	static
C:/WorkSpace/Documentation/SC1/NXP/IMXRT595-EVK-VGLite/ThirdParty/MCUXpressoSDK/devices/MIMXRT595S/drivers/fsl_clock.c:203:17:CLOCK_GetDspPllClkFreq	8	static
C:/WorkSpace/Documentation/SC1/NXP/IMXRT595-EVK-VGLite/ThirdParty/MCUXpressoSDK/devices/MIMXRT595S/drivers/fsl_clock.c:207:17:CLOCK_GetAux0PllClkFreq	8	static
C:/WorkSpace/Documentation/SC1/NXP/IMXRT595-EVK-VGLite/ThirdParty/MCUXpressoSDK/devices/MIMXRT595S/drivers/fsl_clock.c:211:17:CLOCK_GetAux1PllClkFreq	8	static
C:/WorkSpace/Documentation/SC1/NXP/IMXRT595-EVK-VGLite/ThirdParty/MCUXpressoSDK/devices/MIMXRT595S/drivers/fsl_clock.c:220:10:CLOCK_GetAudioPllFreq	56	static
C:/WorkSpace/Documentation/SC1/NXP/IMXRT595-EVK-VGLite/ThirdParty/MCUXpressoSDK/devices/MIMXRT595S/drivers/fsl_clock.c:254:10:CLOCK_GetAudioPfdFreq	184	static
C:/WorkSpace/Documentation/SC1/NXP/IMXRT595-EVK-VGLite/ThirdParty/MCUXpressoSDK/devices/MIMXRT595S/drivers/fsl_clock.c:295:17:CLOCK_GetAudioPllClkFreq	8	static
C:/WorkSpace/Documentation/SC1/NXP/IMXRT595-EVK-VGLite/ThirdParty/MCUXpressoSDK/devices/MIMXRT595S/drivers/fsl_clock.c:300:17:CLOCK_GetFroDivFreq	16	static
C:/WorkSpace/Documentation/SC1/NXP/IMXRT595-EVK-VGLite/ThirdParty/MCUXpressoSDK/devices/MIMXRT595S/drivers/fsl_clock.c:330:10:CLOCK_GetMainClkFreq	16	static
C:/WorkSpace/Documentation/SC1/NXP/IMXRT595-EVK-VGLite/ThirdParty/MCUXpressoSDK/devices/MIMXRT595S/drivers/fsl_clock.c:377:10:CLOCK_GetDspMainClkFreq	16	static
C:/WorkSpace/Documentation/SC1/NXP/IMXRT595-EVK-VGLite/ThirdParty/MCUXpressoSDK/devices/MIMXRT595S/drivers/fsl_clock.c:425:10:CLOCK_GetAdcClkFreq	16	static
C:/WorkSpace/Documentation/SC1/NXP/IMXRT595-EVK-VGLite/ThirdParty/MCUXpressoSDK/devices/MIMXRT595S/drivers/fsl_clock.c:473:10:CLOCK_GetClockOutClkFreq	16	static
C:/WorkSpace/Documentation/SC1/NXP/IMXRT595-EVK-VGLite/ThirdParty/MCUXpressoSDK/devices/MIMXRT595S/drivers/fsl_clock.c:539:10:CLOCK_GetFRGClock	80	static
C:/WorkSpace/Documentation/SC1/NXP/IMXRT595-EVK-VGLite/ThirdParty/MCUXpressoSDK/devices/MIMXRT595S/drivers/fsl_clock.c:590:10:CLOCK_GetFlexcommClkFreq	24	static
C:/WorkSpace/Documentation/SC1/NXP/IMXRT595-EVK-VGLite/ThirdParty/MCUXpressoSDK/devices/MIMXRT595S/drivers/fsl_clock.c:628:10:CLOCK_GetFlexioClkFreq	16	static
C:/WorkSpace/Documentation/SC1/NXP/IMXRT595-EVK-VGLite/ThirdParty/MCUXpressoSDK/devices/MIMXRT595S/drivers/fsl_clock.c:663:10:CLOCK_GetCtimerClkFreq	24	static
C:/WorkSpace/Documentation/SC1/NXP/IMXRT595-EVK-VGLite/ThirdParty/MCUXpressoSDK/devices/MIMXRT595S/drivers/fsl_clock.c:701:10:CLOCK_GetFlexspiClkFreq	32	static
C:/WorkSpace/Documentation/SC1/NXP/IMXRT595-EVK-VGLite/ThirdParty/MCUXpressoSDK/devices/MIMXRT595S/drivers/fsl_clock.c:754:10:CLOCK_GetSctClkFreq	16	static
C:/WorkSpace/Documentation/SC1/NXP/IMXRT595-EVK-VGLite/ThirdParty/MCUXpressoSDK/devices/MIMXRT595S/drivers/fsl_clock.c:795:10:CLOCK_GetMclkClkFreq	16	static
C:/WorkSpace/Documentation/SC1/NXP/IMXRT595-EVK-VGLite/ThirdParty/MCUXpressoSDK/devices/MIMXRT595S/drivers/fsl_clock.c:819:10:CLOCK_GetWdtClkFreq	24	static
C:/WorkSpace/Documentation/SC1/NXP/IMXRT595-EVK-VGLite/ThirdParty/MCUXpressoSDK/devices/MIMXRT595S/drivers/fsl_clock.c:854:10:CLOCK_GetSystickClkFreq	16	static
C:/WorkSpace/Documentation/SC1/NXP/IMXRT595-EVK-VGLite/ThirdParty/MCUXpressoSDK/devices/MIMXRT595S/drivers/fsl_clock.c:884:10:CLOCK_GetSdioClkFreq	32	static
C:/WorkSpace/Documentation/SC1/NXP/IMXRT595-EVK-VGLite/ThirdParty/MCUXpressoSDK/devices/MIMXRT595S/drivers/fsl_clock.c:936:10:CLOCK_GetI3cClkFreq	16	static
C:/WorkSpace/Documentation/SC1/NXP/IMXRT595-EVK-VGLite/ThirdParty/MCUXpressoSDK/devices/MIMXRT595S/drivers/fsl_clock.c:961:10:CLOCK_GetUsbClkFreq	16	static
C:/WorkSpace/Documentation/SC1/NXP/IMXRT595-EVK-VGLite/ThirdParty/MCUXpressoSDK/devices/MIMXRT595S/drivers/fsl_clock.c:987:10:CLOCK_GetDmicClkFreq	16	static
C:/WorkSpace/Documentation/SC1/NXP/IMXRT595-EVK-VGLite/ThirdParty/MCUXpressoSDK/devices/MIMXRT595S/drivers/fsl_clock.c:1024:10:CLOCK_GetAcmpClkFreq	16	static
C:/WorkSpace/Documentation/SC1/NXP/IMXRT595-EVK-VGLite/ThirdParty/MCUXpressoSDK/devices/MIMXRT595S/drivers/fsl_clock.c:1057:10:CLOCK_GetGpuClkFreq	16	static
C:/WorkSpace/Documentation/SC1/NXP/IMXRT595-EVK-VGLite/ThirdParty/MCUXpressoSDK/devices/MIMXRT595S/drivers/fsl_clock.c:1094:10:CLOCK_GetDcPixelClkFreq	16	static
C:/WorkSpace/Documentation/SC1/NXP/IMXRT595-EVK-VGLite/ThirdParty/MCUXpressoSDK/devices/MIMXRT595S/drivers/fsl_clock.c:1134:10:CLOCK_GetMipiDphyClkFreq	16	static
C:/WorkSpace/Documentation/SC1/NXP/IMXRT595-EVK-VGLite/ThirdParty/MCUXpressoSDK/devices/MIMXRT595S/drivers/fsl_clock.c:1166:10:CLOCK_GetMipiDphyEscRxClkFreq	16	static
C:/WorkSpace/Documentation/SC1/NXP/IMXRT595-EVK-VGLite/ThirdParty/MCUXpressoSDK/devices/MIMXRT595S/drivers/fsl_clock.c:1196:10:CLOCK_GetMipiDphyEscTxClkFreq	8	static
C:/WorkSpace/Documentation/SC1/NXP/IMXRT595-EVK-VGLite/ThirdParty/MCUXpressoSDK/devices/MIMXRT595S/drivers/fsl_clock.c:1205:10:CLOCK_GetFreq	24	static
C:/WorkSpace/Documentation/SC1/NXP/IMXRT595-EVK-VGLite/ThirdParty/MCUXpressoSDK/devices/MIMXRT595S/drivers/fsl_clock.c:1344:6:CLOCK_SetFRGClock	24	static
C:/WorkSpace/Documentation/SC1/NXP/IMXRT595-EVK-VGLite/ThirdParty/MCUXpressoSDK/devices/MIMXRT595S/drivers/fsl_clock.c:1367:6:CLOCK_InitSysPll	16	static
C:/WorkSpace/Documentation/SC1/NXP/IMXRT595-EVK-VGLite/ThirdParty/MCUXpressoSDK/devices/MIMXRT595S/drivers/fsl_clock.c:1431:6:CLOCK_InitSysPfd	24	static
C:/WorkSpace/Documentation/SC1/NXP/IMXRT595-EVK-VGLite/ThirdParty/MCUXpressoSDK/devices/MIMXRT595S/drivers/fsl_clock.c:1457:6:CLOCK_InitAudioPll	16	static
C:/WorkSpace/Documentation/SC1/NXP/IMXRT595-EVK-VGLite/ThirdParty/MCUXpressoSDK/devices/MIMXRT595S/drivers/fsl_clock.c:1522:6:CLOCK_InitAudioPfd	24	static
C:/WorkSpace/Documentation/SC1/NXP/IMXRT595-EVK-VGLite/ThirdParty/MCUXpressoSDK/devices/MIMXRT595S/drivers/fsl_clock.c:1549:6:CLOCK_EnableSysOscClk	24	static
C:/WorkSpace/Documentation/SC1/NXP/IMXRT595-EVK-VGLite/ThirdParty/MCUXpressoSDK/devices/MIMXRT595S/drivers/fsl_clock.c:1568:6:CLOCK_EnableFroClk	16	static
C:/WorkSpace/Documentation/SC1/NXP/IMXRT595-EVK-VGLite/ThirdParty/MCUXpressoSDK/devices/MIMXRT595S/drivers/fsl_clock.c:1584:6:CLOCK_EnableFroClkFreq	16	static
C:/WorkSpace/Documentation/SC1/NXP/IMXRT595-EVK-VGLite/ThirdParty/MCUXpressoSDK/devices/MIMXRT595S/drivers/fsl_clock.c:1595:6:CLOCK_EnableFroClkRange	24	static
C:/WorkSpace/Documentation/SC1/NXP/IMXRT595-EVK-VGLite/ThirdParty/MCUXpressoSDK/devices/MIMXRT595S/drivers/fsl_clock.c:1623:6:CLOCK_EnableLpOscClk	4	static
C:/WorkSpace/Documentation/SC1/NXP/IMXRT595-EVK-VGLite/ThirdParty/MCUXpressoSDK/devices/MIMXRT595S/drivers/fsl_clock.c:1631:10:CLOCK_FroTuneToFreq	40	static
C:/WorkSpace/Documentation/SC1/NXP/IMXRT595-EVK-VGLite/ThirdParty/MCUXpressoSDK/devices/MIMXRT595S/drivers/fsl_clock.c:1684:6:CLOCK_EnableFroTuning	48	static
C:/WorkSpace/Documentation/SC1/NXP/IMXRT595-EVK-VGLite/ThirdParty/MCUXpressoSDK/devices/MIMXRT595S/drivers/fsl_clock.c:1736:6:CLOCK_EnableUsbHs0DeviceClock	16	static
C:/WorkSpace/Documentation/SC1/NXP/IMXRT595-EVK-VGLite/ThirdParty/MCUXpressoSDK/devices/MIMXRT595S/drivers/fsl_clock.c:1749:6:CLOCK_DisableUsbHs0DeviceClock	8	static
C:/WorkSpace/Documentation/SC1/NXP/IMXRT595-EVK-VGLite/ThirdParty/MCUXpressoSDK/devices/MIMXRT595S/drivers/fsl_clock.c:1759:6:CLOCK_EnableUsbHs0HostClock	16	static
C:/WorkSpace/Documentation/SC1/NXP/IMXRT595-EVK-VGLite/ThirdParty/MCUXpressoSDK/devices/MIMXRT595S/drivers/fsl_clock.c:1772:6:CLOCK_DisableUsbHs0HostClock	8	static
C:/WorkSpace/Documentation/SC1/NXP/IMXRT595-EVK-VGLite/ThirdParty/MCUXpressoSDK/devices/MIMXRT595S/drivers/fsl_clock.c:1785:6:CLOCK_EnableUsbHs0PhyPllClock	32	static
C:/WorkSpace/Documentation/SC1/NXP/IMXRT595-EVK-VGLite/ThirdParty/MCUXpressoSDK/devices/MIMXRT595S/drivers/fsl_clock.c:1904:6:CLOCK_DisableUsbHs0PhyPllClock	4	static
