c:\workspace\documentation\sc1\nxp\imxrt595-evk-vglite\thirdparty\mcuxpressosdk\devices\mimxrt595s\drivers\fsl_flexspi.h:419:20:FLEXSPI_SoftwareReset	16	static
C:/WorkSpace/Documentation/SC1/NXP/IMXRT595-EVK-VGLite/TargetSpecific/Drivers/board.c:363:6:BOARD_SetFlexspiClock	24	static
C:/WorkSpace/Documentation/SC1/NXP/IMXRT595-EVK-VGLite/TargetSpecific/Drivers/board.c:293:6:BOARD_DeinitFlash	16	static
C:/WorkSpace/Documentation/SC1/NXP/IMXRT595-EVK-VGLite/TargetSpecific/Drivers/board.c:309:6:BOARD_InitFlash	32	static
C:/WorkSpace/Documentation/SC1/NXP/IMXRT595-EVK-VGLite/TargetSpecific/Drivers/board.c:431:6:BOARD_SetDeepSleepPinConfig	4	static
C:/WorkSpace/Documentation/SC1/NXP/IMXRT595-EVK-VGLite/TargetSpecific/Drivers/board.c:468:6:BOARD_RestoreDeepSleepPinConfig	4	static
C:/WorkSpace/Documentation/SC1/NXP/IMXRT595-EVK-VGLite/TargetSpecific/Drivers/board.c:487:6:BOARD_EnterDeepSleep	16	static
C:/WorkSpace/Documentation/SC1/NXP/IMXRT595-EVK-VGLite/TargetSpecific/Drivers/board.c:494:6:BOARD_EnterDeepPowerDown	16	static
C:/WorkSpace/Documentation/SC1/NXP/IMXRT595-EVK-VGLite/TargetSpecific/Drivers/board.c:44:6:BOARD_InitDebugConsole	16	static
C:/WorkSpace/Documentation/SC1/NXP/IMXRT595-EVK-VGLite/TargetSpecific/Drivers/board.c:57:17:flexspi_hyper_ram_write_mcr	48	static
C:/WorkSpace/Documentation/SC1/NXP/IMXRT595-EVK-VGLite/TargetSpecific/Drivers/board.c:76:17:flexspi_hyper_ram_get_mcr	48	static
C:/WorkSpace/Documentation/SC1/NXP/IMXRT595-EVK-VGLite/TargetSpecific/Drivers/board.c:95:17:flexspi_hyper_ram_reset	40	static
C:/WorkSpace/Documentation/SC1/NXP/IMXRT595-EVK-VGLite/TargetSpecific/Drivers/board.c:121:10:BOARD_InitPsRam	416	static
C:/WorkSpace/Documentation/SC1/NXP/IMXRT595-EVK-VGLite/TargetSpecific/Drivers/board.c:423:6:BOARD_FlexspiClockSafeConfig	8	static
C:/WorkSpace/Documentation/SC1/NXP/IMXRT595-EVK-VGLite/TargetSpecific/Drivers/board.c:503:6:BOARD_I2C_Init	32	static
C:/WorkSpace/Documentation/SC1/NXP/IMXRT595-EVK-VGLite/TargetSpecific/Drivers/board.c:511:10:BOARD_I2C_Send	48	static
C:/WorkSpace/Documentation/SC1/NXP/IMXRT595-EVK-VGLite/TargetSpecific/Drivers/board.c:532:10:BOARD_I2C_Receive	48	static
C:/WorkSpace/Documentation/SC1/NXP/IMXRT595-EVK-VGLite/TargetSpecific/Drivers/board.c:641:6:BOARD_PMIC_I2C_Init	8	static
C:/WorkSpace/Documentation/SC1/NXP/IMXRT595-EVK-VGLite/TargetSpecific/Drivers/board.c:646:10:BOARD_PMIC_I2C_Send	32	static
C:/WorkSpace/Documentation/SC1/NXP/IMXRT595-EVK-VGLite/TargetSpecific/Drivers/board.c:653:10:BOARD_PMIC_I2C_Receive	32	static
C:/WorkSpace/Documentation/SC1/NXP/IMXRT595-EVK-VGLite/TargetSpecific/Drivers/board.c:659:6:BOARD_MIPIPanelTouch_I2C_Init	8	static
C:/WorkSpace/Documentation/SC1/NXP/IMXRT595-EVK-VGLite/TargetSpecific/Drivers/board.c:664:10:BOARD_MIPIPanelTouch_I2C_Send	32	static
C:/WorkSpace/Documentation/SC1/NXP/IMXRT595-EVK-VGLite/TargetSpecific/Drivers/board.c:671:10:BOARD_MIPIPanelTouch_I2C_Receive	32	static
C:/WorkSpace/Documentation/SC1/NXP/IMXRT595-EVK-VGLite/TargetSpecific/Drivers/board.c:678:6:BOARD_Accel_I2C_Init	8	static
C:/WorkSpace/Documentation/SC1/NXP/IMXRT595-EVK-VGLite/TargetSpecific/Drivers/board.c:683:10:BOARD_Accel_I2C_Send	40	static
C:/WorkSpace/Documentation/SC1/NXP/IMXRT595-EVK-VGLite/TargetSpecific/Drivers/board.c:689:10:BOARD_Accel_I2C_Receive	32	static
