c:\workspace\documentation\sc1\nxp\imxrt595-evk-vglite\thirdparty\mcuxpressosdk\cmsis\core\include\core_cm33.h:2378:22:__NVIC_EnableIRQ	16	static
c:\workspace\documentation\sc1\nxp\imxrt595-evk-vglite\thirdparty\mcuxpressosdk\cmsis\core\include\core_cm33.h:2575:22:__NVIC_SetPriority	16	static
c:\workspace\documentation\sc1\nxp\imxrt595-evk-vglite\thirdparty\mcuxpressosdk\devices\mimxrt595s\drivers\fsl_clock.h:1098:20:CLOCK_EnableClock	24	static
c:\workspace\documentation\sc1\nxp\imxrt595-evk-vglite\thirdparty\mcuxpressosdk\devices\mimxrt595s\drivers\fsl_gpio.h:153:20:GPIO_PinWrite	24	static
C:/WorkSpace/Documentation/SC1/NXP/IMXRT595-EVK-VGLite/TargetSpecific/Drivers/display_support.c:46:13:BOARD_InitSmartDMA	8	static
C:/WorkSpace/Documentation/SC1/NXP/IMXRT595-EVK-VGLite/TargetSpecific/Drivers/display_support.c:767:13:BOARD_PullPanelResetPin	16	static
C:/WorkSpace/Documentation/SC1/NXP/IMXRT595-EVK-VGLite/TargetSpecific/Drivers/display_support.c:779:13:BOARD_PullPanelPowerPin	16	static
C:/WorkSpace/Documentation/SC1/NXP/IMXRT595-EVK-VGLite/TargetSpecific/Drivers/display_support.c:791:17:BOARD_DSI_Transfer	16	static
C:/WorkSpace/Documentation/SC1/NXP/IMXRT595-EVK-VGLite/TargetSpecific/Drivers/display_support.c:855:13:BOARD_DsiMemWriteCallback	24	static
C:/WorkSpace/Documentation/SC1/NXP/IMXRT595-EVK-VGLite/TargetSpecific/Drivers/display_support.c:864:17:BOARD_DSI_MemWrite	40	static
C:/WorkSpace/Documentation/SC1/NXP/IMXRT595-EVK-VGLite/TargetSpecific/Drivers/display_support.c:917:13:BOARD_InitMipiDsiClock	8	static
C:/WorkSpace/Documentation/SC1/NXP/IMXRT595-EVK-VGLite/TargetSpecific/Drivers/display_support.c:960:13:BOARD_InitMipiPanelTEPin	16	static
C:/WorkSpace/Documentation/SC1/NXP/IMXRT595-EVK-VGLite/TargetSpecific/Drivers/display_support.c:1003:17:BOARD_InitLcdPanel	16	static
C:/WorkSpace/Documentation/SC1/NXP/IMXRT595-EVK-VGLite/TargetSpecific/Drivers/display_support.c:1019:6:BOARD_DisplayTEPinHandler	8	static
C:/WorkSpace/Documentation/SC1/NXP/IMXRT595-EVK-VGLite/TargetSpecific/Drivers/display_support.c:1024:13:BOARD_SetMipiDsiConfig	40	static
C:/WorkSpace/Documentation/SC1/NXP/IMXRT595-EVK-VGLite/TargetSpecific/Drivers/display_support.c:1051:10:BOARD_InitDisplayInterface	8	static
C:/WorkSpace/Documentation/SC1/NXP/IMXRT595-EVK-VGLite/TargetSpecific/Drivers/display_support.c:1070:10:BOARD_PrepareDisplayController	16	static
