c:\workspace\documentation\sc1\nxp\imxrt595-evk-vglite\thirdparty\mcuxpressosdk\cmsis\core\include\core_cm33.h:2378:22:__NVIC_EnableIRQ	16	static
c:\workspace\documentation\sc1\nxp\imxrt595-evk-vglite\thirdparty\mcuxpressosdk\cmsis\core\include\core_cm33.h:2575:22:__NVIC_SetPriority	16	static
c:\workspace\documentation\sc1\nxp\imxrt595-evk-vglite\thirdparty\mcuxpressosdk\devices\mimxrt595s\drivers\fsl_clock.h:1098:20:CLOCK_EnableClock	24	static
c:\workspace\documentation\sc1\nxp\imxrt595-evk-vglite\thirdparty\mcuxpressosdk\devices\mimxrt595s\drivers\fsl_common_arm.h:499:24:EnableIRQ	24	static
C:/WorkSpace/Documentation/SC1/NXP/IMXRT595-EVK-VGLite/TargetSpecific/Drivers/vglite_support.c:49:6:GPU_DriverIRQHandler	8	static
C:/WorkSpace/Documentation/SC1/NXP/IMXRT595-EVK-VGLite/TargetSpecific/Drivers/vglite_support.c:54:17:BOARD_InitVGliteClock	8	static
C:/WorkSpace/Documentation/SC1/NXP/IMXRT595-EVK-VGLite/TargetSpecific/Drivers/vglite_support.c:74:10:BOARD_PrepareVGLiteController	16	static
