C:/WorkSpace/Documentation/SC1/NXP/IMXRT595-EVK-VGLite/ThirdParty/MCUXpressoSDK/devices/MIMXRT595S/mcuxpresso/startup_mimxrt595s_cm33.c:388:6:data_init	4	static
C:/WorkSpace/Documentation/SC1/NXP/IMXRT595-EVK-VGLite/ThirdParty/MCUXpressoSDK/devices/MIMXRT595S/mcuxpresso/startup_mimxrt595s_cm33.c:397:6:bss_init	0	static
C:/WorkSpace/Documentation/SC1/NXP/IMXRT595-EVK-VGLite/ThirdParty/MCUXpressoSDK/devices/MIMXRT595S/mcuxpresso/startup_mimxrt595s_cm33.c:422:6:ResetISR	0	static
C:/WorkSpace/Documentation/SC1/NXP/IMXRT595-EVK-VGLite/ThirdParty/MCUXpressoSDK/devices/MIMXRT595S/mcuxpresso/startup_mimxrt595s_cm33.c:495:14:NMI_Handler	0	static
C:/WorkSpace/Documentation/SC1/NXP/IMXRT595-EVK-VGLite/ThirdParty/MCUXpressoSDK/devices/MIMXRT595S/mcuxpresso/startup_mimxrt595s_cm33.c:499:14:HardFault_Handler	0	static
C:/WorkSpace/Documentation/SC1/NXP/IMXRT595-EVK-VGLite/ThirdParty/MCUXpressoSDK/devices/MIMXRT595S/mcuxpresso/startup_mimxrt595s_cm33.c:503:14:MemManage_Handler	0	static
C:/WorkSpace/Documentation/SC1/NXP/IMXRT595-EVK-VGLite/ThirdParty/MCUXpressoSDK/devices/MIMXRT595S/mcuxpresso/startup_mimxrt595s_cm33.c:507:14:BusFault_Handler	0	static
C:/WorkSpace/Documentation/SC1/NXP/IMXRT595-EVK-VGLite/ThirdParty/MCUXpressoSDK/devices/MIMXRT595S/mcuxpresso/startup_mimxrt595s_cm33.c:511:14:UsageFault_Handler	0	static
C:/WorkSpace/Documentation/SC1/NXP/IMXRT595-EVK-VGLite/ThirdParty/MCUXpressoSDK/devices/MIMXRT595S/mcuxpresso/startup_mimxrt595s_cm33.c:515:14:SecureFault_Handler	0	static
C:/WorkSpace/Documentation/SC1/NXP/IMXRT595-EVK-VGLite/ThirdParty/MCUXpressoSDK/devices/MIMXRT595S/mcuxpresso/startup_mimxrt595s_cm33.c:519:14:SVC_Handler	0	static
C:/WorkSpace/Documentation/SC1/NXP/IMXRT595-EVK-VGLite/ThirdParty/MCUXpressoSDK/devices/MIMXRT595S/mcuxpresso/startup_mimxrt595s_cm33.c:523:14:DebugMon_Handler	0	static
C:/WorkSpace/Documentation/SC1/NXP/IMXRT595-EVK-VGLite/ThirdParty/MCUXpressoSDK/devices/MIMXRT595S/mcuxpresso/startup_mimxrt595s_cm33.c:527:14:PendSV_Handler	0	static
C:/WorkSpace/Documentation/SC1/NXP/IMXRT595-EVK-VGLite/ThirdParty/MCUXpressoSDK/devices/MIMXRT595S/mcuxpresso/startup_mimxrt595s_cm33.c:531:14:SysTick_Handler	0	static
C:/WorkSpace/Documentation/SC1/NXP/IMXRT595-EVK-VGLite/ThirdParty/MCUXpressoSDK/devices/MIMXRT595S/mcuxpresso/startup_mimxrt595s_cm33.c:539:14:IntDefaultHandler	0	static
C:/WorkSpace/Documentation/SC1/NXP/IMXRT595-EVK-VGLite/ThirdParty/MCUXpressoSDK/devices/MIMXRT595S/mcuxpresso/startup_mimxrt595s_cm33.c:549:11:WDT0_IRQHandler	8	static
C:/WorkSpace/Documentation/SC1/NXP/IMXRT595-EVK-VGLite/ThirdParty/MCUXpressoSDK/devices/MIMXRT595S/mcuxpresso/startup_mimxrt595s_cm33.c:553:11:DMA0_IRQHandler	8	static
C:/WorkSpace/Documentation/SC1/NXP/IMXRT595-EVK-VGLite/ThirdParty/MCUXpressoSDK/devices/MIMXRT595S/mcuxpresso/startup_mimxrt595s_cm33.c:557:11:GPIO_INTA_IRQHandler	8	static
C:/WorkSpace/Documentation/SC1/NXP/IMXRT595-EVK-VGLite/ThirdParty/MCUXpressoSDK/devices/MIMXRT595S/mcuxpresso/startup_mimxrt595s_cm33.c:561:11:GPIO_INTB_IRQHandler	8	static
C:/WorkSpace/Documentation/SC1/NXP/IMXRT595-EVK-VGLite/ThirdParty/MCUXpressoSDK/devices/MIMXRT595S/mcuxpresso/startup_mimxrt595s_cm33.c:565:11:PIN_INT0_IRQHandler	8	static
C:/WorkSpace/Documentation/SC1/NXP/IMXRT595-EVK-VGLite/ThirdParty/MCUXpressoSDK/devices/MIMXRT595S/mcuxpresso/startup_mimxrt595s_cm33.c:569:11:PIN_INT1_IRQHandler	8	static
C:/WorkSpace/Documentation/SC1/NXP/IMXRT595-EVK-VGLite/ThirdParty/MCUXpressoSDK/devices/MIMXRT595S/mcuxpresso/startup_mimxrt595s_cm33.c:573:11:PIN_INT2_IRQHandler	8	static
C:/WorkSpace/Documentation/SC1/NXP/IMXRT595-EVK-VGLite/ThirdParty/MCUXpressoSDK/devices/MIMXRT595S/mcuxpresso/startup_mimxrt595s_cm33.c:577:11:PIN_INT3_IRQHandler	8	static
C:/WorkSpace/Documentation/SC1/NXP/IMXRT595-EVK-VGLite/ThirdParty/MCUXpressoSDK/devices/MIMXRT595S/mcuxpresso/startup_mimxrt595s_cm33.c:581:11:UTICK0_IRQHandler	8	static
C:/WorkSpace/Documentation/SC1/NXP/IMXRT595-EVK-VGLite/ThirdParty/MCUXpressoSDK/devices/MIMXRT595S/mcuxpresso/startup_mimxrt595s_cm33.c:585:11:MRT0_IRQHandler	8	static
C:/WorkSpace/Documentation/SC1/NXP/IMXRT595-EVK-VGLite/ThirdParty/MCUXpressoSDK/devices/MIMXRT595S/mcuxpresso/startup_mimxrt595s_cm33.c:589:11:CTIMER0_IRQHandler	8	static
C:/WorkSpace/Documentation/SC1/NXP/IMXRT595-EVK-VGLite/ThirdParty/MCUXpressoSDK/devices/MIMXRT595S/mcuxpresso/startup_mimxrt595s_cm33.c:593:11:CTIMER1_IRQHandler	8	static
C:/WorkSpace/Documentation/SC1/NXP/IMXRT595-EVK-VGLite/ThirdParty/MCUXpressoSDK/devices/MIMXRT595S/mcuxpresso/startup_mimxrt595s_cm33.c:597:11:SCT0_IRQHandler	8	static
C:/WorkSpace/Documentation/SC1/NXP/IMXRT595-EVK-VGLite/ThirdParty/MCUXpressoSDK/devices/MIMXRT595S/mcuxpresso/startup_mimxrt595s_cm33.c:601:11:CTIMER3_IRQHandler	8	static
C:/WorkSpace/Documentation/SC1/NXP/IMXRT595-EVK-VGLite/ThirdParty/MCUXpressoSDK/devices/MIMXRT595S/mcuxpresso/startup_mimxrt595s_cm33.c:605:11:FLEXCOMM0_IRQHandler	8	static
C:/WorkSpace/Documentation/SC1/NXP/IMXRT595-EVK-VGLite/ThirdParty/MCUXpressoSDK/devices/MIMXRT595S/mcuxpresso/startup_mimxrt595s_cm33.c:609:11:FLEXCOMM1_IRQHandler	8	static
C:/WorkSpace/Documentation/SC1/NXP/IMXRT595-EVK-VGLite/ThirdParty/MCUXpressoSDK/devices/MIMXRT595S/mcuxpresso/startup_mimxrt595s_cm33.c:613:11:FLEXCOMM2_IRQHandler	8	static
C:/WorkSpace/Documentation/SC1/NXP/IMXRT595-EVK-VGLite/ThirdParty/MCUXpressoSDK/devices/MIMXRT595S/mcuxpresso/startup_mimxrt595s_cm33.c:617:11:FLEXCOMM3_IRQHandler	8	static
C:/WorkSpace/Documentation/SC1/NXP/IMXRT595-EVK-VGLite/ThirdParty/MCUXpressoSDK/devices/MIMXRT595S/mcuxpresso/startup_mimxrt595s_cm33.c:621:11:FLEXCOMM4_IRQHandler	8	static
C:/WorkSpace/Documentation/SC1/NXP/IMXRT595-EVK-VGLite/ThirdParty/MCUXpressoSDK/devices/MIMXRT595S/mcuxpresso/startup_mimxrt595s_cm33.c:625:11:FLEXCOMM5_IRQHandler	8	static
C:/WorkSpace/Documentation/SC1/NXP/IMXRT595-EVK-VGLite/ThirdParty/MCUXpressoSDK/devices/MIMXRT595S/mcuxpresso/startup_mimxrt595s_cm33.c:629:11:FLEXCOMM14_IRQHandler	8	static
C:/WorkSpace/Documentation/SC1/NXP/IMXRT595-EVK-VGLite/ThirdParty/MCUXpressoSDK/devices/MIMXRT595S/mcuxpresso/startup_mimxrt595s_cm33.c:633:11:FLEXCOMM15_IRQHandler	8	static
C:/WorkSpace/Documentation/SC1/NXP/IMXRT595-EVK-VGLite/ThirdParty/MCUXpressoSDK/devices/MIMXRT595S/mcuxpresso/startup_mimxrt595s_cm33.c:637:11:ADC0_IRQHandler	8	static
C:/WorkSpace/Documentation/SC1/NXP/IMXRT595-EVK-VGLite/ThirdParty/MCUXpressoSDK/devices/MIMXRT595S/mcuxpresso/startup_mimxrt595s_cm33.c:641:11:Reserved39_IRQHandler	8	static
C:/WorkSpace/Documentation/SC1/NXP/IMXRT595-EVK-VGLite/ThirdParty/MCUXpressoSDK/devices/MIMXRT595S/mcuxpresso/startup_mimxrt595s_cm33.c:645:11:ACMP_IRQHandler	8	static
C:/WorkSpace/Documentation/SC1/NXP/IMXRT595-EVK-VGLite/ThirdParty/MCUXpressoSDK/devices/MIMXRT595S/mcuxpresso/startup_mimxrt595s_cm33.c:649:11:DMIC0_IRQHandler	8	static
C:/WorkSpace/Documentation/SC1/NXP/IMXRT595-EVK-VGLite/ThirdParty/MCUXpressoSDK/devices/MIMXRT595S/mcuxpresso/startup_mimxrt595s_cm33.c:653:11:Reserved42_IRQHandler	8	static
C:/WorkSpace/Documentation/SC1/NXP/IMXRT595-EVK-VGLite/ThirdParty/MCUXpressoSDK/devices/MIMXRT595S/mcuxpresso/startup_mimxrt595s_cm33.c:657:11:HYPERVISOR_IRQHandler	8	static
C:/WorkSpace/Documentation/SC1/NXP/IMXRT595-EVK-VGLite/ThirdParty/MCUXpressoSDK/devices/MIMXRT595S/mcuxpresso/startup_mimxrt595s_cm33.c:661:11:SECURE_VIOLATION_IRQHandler	8	static
C:/WorkSpace/Documentation/SC1/NXP/IMXRT595-EVK-VGLite/ThirdParty/MCUXpressoSDK/devices/MIMXRT595S/mcuxpresso/startup_mimxrt595s_cm33.c:665:11:HWVAD0_IRQHandler	8	static
C:/WorkSpace/Documentation/SC1/NXP/IMXRT595-EVK-VGLite/ThirdParty/MCUXpressoSDK/devices/MIMXRT595S/mcuxpresso/startup_mimxrt595s_cm33.c:669:11:Reserved46_IRQHandler	8	static
C:/WorkSpace/Documentation/SC1/NXP/IMXRT595-EVK-VGLite/ThirdParty/MCUXpressoSDK/devices/MIMXRT595S/mcuxpresso/startup_mimxrt595s_cm33.c:673:11:RNG_IRQHandler	8	static
C:/WorkSpace/Documentation/SC1/NXP/IMXRT595-EVK-VGLite/ThirdParty/MCUXpressoSDK/devices/MIMXRT595S/mcuxpresso/startup_mimxrt595s_cm33.c:677:11:RTC_IRQHandler	8	static
C:/WorkSpace/Documentation/SC1/NXP/IMXRT595-EVK-VGLite/ThirdParty/MCUXpressoSDK/devices/MIMXRT595S/mcuxpresso/startup_mimxrt595s_cm33.c:681:11:DSP_TIE_EXPSTATE1_IRQHandler	8	static
C:/WorkSpace/Documentation/SC1/NXP/IMXRT595-EVK-VGLite/ThirdParty/MCUXpressoSDK/devices/MIMXRT595S/mcuxpresso/startup_mimxrt595s_cm33.c:685:11:MU_A_IRQHandler	8	static
C:/WorkSpace/Documentation/SC1/NXP/IMXRT595-EVK-VGLite/ThirdParty/MCUXpressoSDK/devices/MIMXRT595S/mcuxpresso/startup_mimxrt595s_cm33.c:689:11:PIN_INT4_IRQHandler	8	static
C:/WorkSpace/Documentation/SC1/NXP/IMXRT595-EVK-VGLite/ThirdParty/MCUXpressoSDK/devices/MIMXRT595S/mcuxpresso/startup_mimxrt595s_cm33.c:693:11:PIN_INT5_IRQHandler	8	static
C:/WorkSpace/Documentation/SC1/NXP/IMXRT595-EVK-VGLite/ThirdParty/MCUXpressoSDK/devices/MIMXRT595S/mcuxpresso/startup_mimxrt595s_cm33.c:697:11:PIN_INT6_IRQHandler	8	static
C:/WorkSpace/Documentation/SC1/NXP/IMXRT595-EVK-VGLite/ThirdParty/MCUXpressoSDK/devices/MIMXRT595S/mcuxpresso/startup_mimxrt595s_cm33.c:701:11:PIN_INT7_IRQHandler	8	static
C:/WorkSpace/Documentation/SC1/NXP/IMXRT595-EVK-VGLite/ThirdParty/MCUXpressoSDK/devices/MIMXRT595S/mcuxpresso/startup_mimxrt595s_cm33.c:705:11:CTIMER2_IRQHandler	8	static
C:/WorkSpace/Documentation/SC1/NXP/IMXRT595-EVK-VGLite/ThirdParty/MCUXpressoSDK/devices/MIMXRT595S/mcuxpresso/startup_mimxrt595s_cm33.c:709:11:CTIMER4_IRQHandler	8	static
C:/WorkSpace/Documentation/SC1/NXP/IMXRT595-EVK-VGLite/ThirdParty/MCUXpressoSDK/devices/MIMXRT595S/mcuxpresso/startup_mimxrt595s_cm33.c:713:11:OS_EVENT_IRQHandler	8	static
C:/WorkSpace/Documentation/SC1/NXP/IMXRT595-EVK-VGLite/ThirdParty/MCUXpressoSDK/devices/MIMXRT595S/mcuxpresso/startup_mimxrt595s_cm33.c:717:11:FLEXSPI0_FLEXSPI1_IRQHandler	8	static
C:/WorkSpace/Documentation/SC1/NXP/IMXRT595-EVK-VGLite/ThirdParty/MCUXpressoSDK/devices/MIMXRT595S/mcuxpresso/startup_mimxrt595s_cm33.c:721:11:FLEXCOMM6_IRQHandler	8	static
C:/WorkSpace/Documentation/SC1/NXP/IMXRT595-EVK-VGLite/ThirdParty/MCUXpressoSDK/devices/MIMXRT595S/mcuxpresso/startup_mimxrt595s_cm33.c:725:11:FLEXCOMM7_IRQHandler	8	static
C:/WorkSpace/Documentation/SC1/NXP/IMXRT595-EVK-VGLite/ThirdParty/MCUXpressoSDK/devices/MIMXRT595S/mcuxpresso/startup_mimxrt595s_cm33.c:729:11:USDHC0_IRQHandler	8	static
C:/WorkSpace/Documentation/SC1/NXP/IMXRT595-EVK-VGLite/ThirdParty/MCUXpressoSDK/devices/MIMXRT595S/mcuxpresso/startup_mimxrt595s_cm33.c:733:11:USDHC1_IRQHandler	8	static
C:/WorkSpace/Documentation/SC1/NXP/IMXRT595-EVK-VGLite/ThirdParty/MCUXpressoSDK/devices/MIMXRT595S/mcuxpresso/startup_mimxrt595s_cm33.c:737:11:SGPIO_INTA_IRQHandler	8	static
C:/WorkSpace/Documentation/SC1/NXP/IMXRT595-EVK-VGLite/ThirdParty/MCUXpressoSDK/devices/MIMXRT595S/mcuxpresso/startup_mimxrt595s_cm33.c:741:11:SGPIO_INTB_IRQHandler	8	static
C:/WorkSpace/Documentation/SC1/NXP/IMXRT595-EVK-VGLite/ThirdParty/MCUXpressoSDK/devices/MIMXRT595S/mcuxpresso/startup_mimxrt595s_cm33.c:745:11:I3C0_IRQHandler	8	static
C:/WorkSpace/Documentation/SC1/NXP/IMXRT595-EVK-VGLite/ThirdParty/MCUXpressoSDK/devices/MIMXRT595S/mcuxpresso/startup_mimxrt595s_cm33.c:749:11:USB0_IRQHandler	8	static
C:/WorkSpace/Documentation/SC1/NXP/IMXRT595-EVK-VGLite/ThirdParty/MCUXpressoSDK/devices/MIMXRT595S/mcuxpresso/startup_mimxrt595s_cm33.c:753:11:USB0_NEEDCLK_IRQHandler	8	static
C:/WorkSpace/Documentation/SC1/NXP/IMXRT595-EVK-VGLite/ThirdParty/MCUXpressoSDK/devices/MIMXRT595S/mcuxpresso/startup_mimxrt595s_cm33.c:757:11:WDT1_IRQHandler	8	static
C:/WorkSpace/Documentation/SC1/NXP/IMXRT595-EVK-VGLite/ThirdParty/MCUXpressoSDK/devices/MIMXRT595S/mcuxpresso/startup_mimxrt595s_cm33.c:761:11:USB_PHYDCD_IRQHandler	8	static
C:/WorkSpace/Documentation/SC1/NXP/IMXRT595-EVK-VGLite/ThirdParty/MCUXpressoSDK/devices/MIMXRT595S/mcuxpresso/startup_mimxrt595s_cm33.c:765:11:DMA1_IRQHandler	8	static
C:/WorkSpace/Documentation/SC1/NXP/IMXRT595-EVK-VGLite/ThirdParty/MCUXpressoSDK/devices/MIMXRT595S/mcuxpresso/startup_mimxrt595s_cm33.c:769:11:PUF_IRQHandler	8	static
C:/WorkSpace/Documentation/SC1/NXP/IMXRT595-EVK-VGLite/ThirdParty/MCUXpressoSDK/devices/MIMXRT595S/mcuxpresso/startup_mimxrt595s_cm33.c:773:11:POWERQUAD_IRQHandler	8	static
C:/WorkSpace/Documentation/SC1/NXP/IMXRT595-EVK-VGLite/ThirdParty/MCUXpressoSDK/devices/MIMXRT595S/mcuxpresso/startup_mimxrt595s_cm33.c:777:11:CASPER_IRQHandler	8	static
C:/WorkSpace/Documentation/SC1/NXP/IMXRT595-EVK-VGLite/ThirdParty/MCUXpressoSDK/devices/MIMXRT595S/mcuxpresso/startup_mimxrt595s_cm33.c:781:11:PMU_PMIC_IRQHandler	8	static
C:/WorkSpace/Documentation/SC1/NXP/IMXRT595-EVK-VGLite/ThirdParty/MCUXpressoSDK/devices/MIMXRT595S/mcuxpresso/startup_mimxrt595s_cm33.c:785:11:HASHCRYPT_IRQHandler	8	static
C:/WorkSpace/Documentation/SC1/NXP/IMXRT595-EVK-VGLite/ThirdParty/MCUXpressoSDK/devices/MIMXRT595S/mcuxpresso/startup_mimxrt595s_cm33.c:789:11:FLEXCOMM8_IRQHandler	8	static
C:/WorkSpace/Documentation/SC1/NXP/IMXRT595-EVK-VGLite/ThirdParty/MCUXpressoSDK/devices/MIMXRT595S/mcuxpresso/startup_mimxrt595s_cm33.c:793:11:FLEXCOMM9_IRQHandler	8	static
C:/WorkSpace/Documentation/SC1/NXP/IMXRT595-EVK-VGLite/ThirdParty/MCUXpressoSDK/devices/MIMXRT595S/mcuxpresso/startup_mimxrt595s_cm33.c:797:11:FLEXCOMM10_IRQHandler	8	static
C:/WorkSpace/Documentation/SC1/NXP/IMXRT595-EVK-VGLite/ThirdParty/MCUXpressoSDK/devices/MIMXRT595S/mcuxpresso/startup_mimxrt595s_cm33.c:801:11:FLEXCOMM11_IRQHandler	8	static
C:/WorkSpace/Documentation/SC1/NXP/IMXRT595-EVK-VGLite/ThirdParty/MCUXpressoSDK/devices/MIMXRT595S/mcuxpresso/startup_mimxrt595s_cm33.c:805:11:FLEXCOMM12_IRQHandler	8	static
C:/WorkSpace/Documentation/SC1/NXP/IMXRT595-EVK-VGLite/ThirdParty/MCUXpressoSDK/devices/MIMXRT595S/mcuxpresso/startup_mimxrt595s_cm33.c:809:11:FLEXCOMM13_IRQHandler	8	static
C:/WorkSpace/Documentation/SC1/NXP/IMXRT595-EVK-VGLite/ThirdParty/MCUXpressoSDK/devices/MIMXRT595S/mcuxpresso/startup_mimxrt595s_cm33.c:813:11:FLEXCOMM16_IRQHandler	8	static
C:/WorkSpace/Documentation/SC1/NXP/IMXRT595-EVK-VGLite/ThirdParty/MCUXpressoSDK/devices/MIMXRT595S/mcuxpresso/startup_mimxrt595s_cm33.c:817:11:I3C1_IRQHandler	8	static
C:/WorkSpace/Documentation/SC1/NXP/IMXRT595-EVK-VGLite/ThirdParty/MCUXpressoSDK/devices/MIMXRT595S/mcuxpresso/startup_mimxrt595s_cm33.c:821:11:FLEXIO_IRQHandler	8	static
C:/WorkSpace/Documentation/SC1/NXP/IMXRT595-EVK-VGLite/ThirdParty/MCUXpressoSDK/devices/MIMXRT595S/mcuxpresso/startup_mimxrt595s_cm33.c:825:11:LCDIF_IRQHandler	8	static
C:/WorkSpace/Documentation/SC1/NXP/IMXRT595-EVK-VGLite/ThirdParty/MCUXpressoSDK/devices/MIMXRT595S/mcuxpresso/startup_mimxrt595s_cm33.c:829:11:GPU_IRQHandler	8	static
C:/WorkSpace/Documentation/SC1/NXP/IMXRT595-EVK-VGLite/ThirdParty/MCUXpressoSDK/devices/MIMXRT595S/mcuxpresso/startup_mimxrt595s_cm33.c:833:11:MIPI_IRQHandler	8	static
C:/WorkSpace/Documentation/SC1/NXP/IMXRT595-EVK-VGLite/ThirdParty/MCUXpressoSDK/devices/MIMXRT595S/mcuxpresso/startup_mimxrt595s_cm33.c:837:11:Reserved88_IRQHandler	8	static
C:/WorkSpace/Documentation/SC1/NXP/IMXRT595-EVK-VGLite/ThirdParty/MCUXpressoSDK/devices/MIMXRT595S/mcuxpresso/startup_mimxrt595s_cm33.c:841:11:SDMA_IRQHandler	8	static
