C:/WorkSpace/Documentation/SC1/NXP/IMXRT595-EVK-VGLite/ThirdParty/MCUXpressoSDK/middleware/vglite/VGLite/rtos/vg_lite_os.c:58:28:vg_lite_bus_error_handler	4	static
C:/WorkSpace/Documentation/SC1/NXP/IMXRT595-EVK-VGLite/ThirdParty/MCUXpressoSDK/middleware/vglite/VGLite/rtos/vg_lite_os.c:69:6:command_queue	32	static
C:/WorkSpace/Documentation/SC1/NXP/IMXRT595-EVK-VGLite/ThirdParty/MCUXpressoSDK/middleware/vglite/VGLite/rtos/vg_lite_os.c:154:9:vg_lite_os_set_tls	16	static
C:/WorkSpace/Documentation/SC1/NXP/IMXRT595-EVK-VGLite/ThirdParty/MCUXpressoSDK/middleware/vglite/VGLite/rtos/vg_lite_os.c:163:8:vg_lite_os_get_tls	8	static
C:/WorkSpace/Documentation/SC1/NXP/IMXRT595-EVK-VGLite/ThirdParty/MCUXpressoSDK/middleware/vglite/VGLite/rtos/vg_lite_os.c:169:8:vg_lite_os_malloc	16	static
C:/WorkSpace/Documentation/SC1/NXP/IMXRT595-EVK-VGLite/ThirdParty/MCUXpressoSDK/middleware/vglite/VGLite/rtos/vg_lite_os.c:174:6:vg_lite_os_free	16	static
C:/WorkSpace/Documentation/SC1/NXP/IMXRT595-EVK-VGLite/ThirdParty/MCUXpressoSDK/middleware/vglite/VGLite/rtos/vg_lite_os.c:180:6:vg_lite_os_reset_tls	8	static
C:/WorkSpace/Documentation/SC1/NXP/IMXRT595-EVK-VGLite/ThirdParty/MCUXpressoSDK/middleware/vglite/VGLite/rtos/vg_lite_os.c:185:6:vg_lite_os_sleep	16	static
C:/WorkSpace/Documentation/SC1/NXP/IMXRT595-EVK-VGLite/ThirdParty/MCUXpressoSDK/middleware/vglite/VGLite/rtos/vg_lite_os.c:190:9:vg_lite_os_initialize	24	static
C:/WorkSpace/Documentation/SC1/NXP/IMXRT595-EVK-VGLite/ThirdParty/MCUXpressoSDK/middleware/vglite/VGLite/rtos/vg_lite_os.c:227:6:vg_lite_os_deinitialize	8	static
C:/WorkSpace/Documentation/SC1/NXP/IMXRT595-EVK-VGLite/ThirdParty/MCUXpressoSDK/middleware/vglite/VGLite/rtos/vg_lite_os.c:236:9:vg_lite_os_lock	8	static
C:/WorkSpace/Documentation/SC1/NXP/IMXRT595-EVK-VGLite/ThirdParty/MCUXpressoSDK/middleware/vglite/VGLite/rtos/vg_lite_os.c:247:9:vg_lite_os_unlock	8	static
C:/WorkSpace/Documentation/SC1/NXP/IMXRT595-EVK-VGLite/ThirdParty/MCUXpressoSDK/middleware/vglite/VGLite/rtos/vg_lite_os.c:255:9:vg_lite_os_submit	32	static
C:/WorkSpace/Documentation/SC1/NXP/IMXRT595-EVK-VGLite/ThirdParty/MCUXpressoSDK/middleware/vglite/VGLite/rtos/vg_lite_os.c:289:9:vg_lite_os_wait	16	static
C:/WorkSpace/Documentation/SC1/NXP/IMXRT595-EVK-VGLite/ThirdParty/MCUXpressoSDK/middleware/vglite/VGLite/rtos/vg_lite_os.c:306:6:vg_lite_os_IRQHandler	16	static
C:/WorkSpace/Documentation/SC1/NXP/IMXRT595-EVK-VGLite/ThirdParty/MCUXpressoSDK/middleware/vglite/VGLite/rtos/vg_lite_os.c:326:9:vg_lite_os_wait_interrupt	24	static
C:/WorkSpace/Documentation/SC1/NXP/IMXRT595-EVK-VGLite/ThirdParty/MCUXpressoSDK/middleware/vglite/VGLite/rtos/vg_lite_os.c:362:9:vg_lite_os_init_event	24	static
C:/WorkSpace/Documentation/SC1/NXP/IMXRT595-EVK-VGLite/ThirdParty/MCUXpressoSDK/middleware/vglite/VGLite/rtos/vg_lite_os.c:384:9:vg_lite_os_delete_event	16	static
C:/WorkSpace/Documentation/SC1/NXP/IMXRT595-EVK-VGLite/ThirdParty/MCUXpressoSDK/middleware/vglite/VGLite/rtos/vg_lite_os.c:397:9:vg_lite_os_wait_event	16	static
C:/WorkSpace/Documentation/SC1/NXP/IMXRT595-EVK-VGLite/ThirdParty/MCUXpressoSDK/middleware/vglite/VGLite/rtos/vg_lite_os.c:408:9:vg_lite_os_signal_event	16	static
C:/WorkSpace/Documentation/SC1/NXP/IMXRT595-EVK-VGLite/ThirdParty/MCUXpressoSDK/middleware/vglite/VGLite/rtos/vg_lite_os.c:417:8:vg_lite_os_query_context_switch	16	static
